Microchip MPLAB XC8 Compiler V3.10

Linker command line:

-W-3 --edf=/opt/microchip/xc8/v3.10/pic/dat/20250813170317_en.msgs -cn \
  -h+dist/default/production/tstTC74LCD.X.production.sym \
  --cmf=dist/default/production/tstTC74LCD.X.production.cmf -z -Q16F18875 \
  -o/tmp/xcXPHNHmN/driver_tmp_3.o --defsym=__MPLAB_BUILD=1 \
  --fixupoverflow=error \
  -Mdist/default/production/tstTC74LCD.X.production.map \
  --md=/tmp/xcXPHNHmN/driver_tmp_0.dat -E1 -ver=XC8 Compiler \
  -ACODE=00h-07FFhx4 -ASTRCODE=00h-01FFFh -ASTRING=00h-0FFhx32 \
  -ACONST=00h-0FFhx32 -AENTRY=00h-0FFhx32 -ACOMMON=070h-07Fh \
  -ABANK0=020h-06Fh -ABANK1=0A0h-0EFh -ABANK2=0120h-016Fh \
  -ABANK3=01A0h-01EFh -ABANK4=0220h-026Fh -ABANK5=02A0h-02EFh \
  -ABANK6=0320h-036Fh -ABANK7=03A0h-03EFh -ABANK8=0420h-046Fh \
  -ABANK9=04A0h-04EFh -ABANK10=0520h-056Fh -ABANK11=05A0h-05EFh \
  -ABANK12=0620h-064Fh -ABIGRAM=02000h-023EFh \
  -ARAM=020h-06Fh,0A0h-0EFh,0120h-016Fh,01A0h-01EFh,0220h-026Fh,02A0h-02EFh,0320h-036Fh,03A0h-03EFh,0420h-046Fh,04A0h-04EFh,0520h-056Fh,05A0h-05EFh,0620h-064Fh \
  -AABS1=020h-07Fh,0A0h-0EFh,0120h-016Fh,01A0h-01EFh,0220h-026Fh,02A0h-02EFh,0320h-036Fh,03A0h-03EFh,0420h-046Fh,04A0h-04EFh,0520h-056Fh,05A0h-05EFh,0620h-064Fh \
  -ASFR0=00h-01Fh -ASFR1=080h-09Fh -ASFR2=0100h-011Fh -ASFR3=0180h-019Fh \
  -ASFR4=0200h-021Fh -ASFR5=0280h-029Fh -ASFR6=0300h-031Fh \
  -ASFR7=0380h-039Fh -ASFR8=0400h-041Fh -ASFR9=0480h-049Fh \
  -ASFR10=0500h-051Fh -ASFR11=0580h-059Fh -ASFR12=0600h-061Fh \
  -ASFR13=0680h-06EFh -ASFR14=0700h-076Fh -ASFR15=0780h-07EFh \
  -ASFR16=0800h-086Fh -ASFR17=0880h-08EFh -ASFR18=0900h-096Fh \
  -ASFR19=0980h-09EFh -ASFR20=0A00h-0A6Fh -ASFR21=0A80h-0AEFh \
  -ASFR22=0B00h-0B6Fh -ASFR23=0B80h-0BEFh -ASFR24=0C00h-0C6Fh \
  -ASFR25=0C80h-0CEFh -ASFR26=0D00h-0D6Fh -ASFR27=0D80h-0DEFh \
  -ASFR28=0E00h-0E6Fh -ASFR29=0E80h-0EEFh -ASFR30=0F00h-0F6Fh \
  -ASFR31=0F80h-0FEFh -ACONFIG=08007h-0800Bh -DCONFIG=2 \
  -AIDLOC=08000h-08003h -DIDLOC=2 -AEEDATA=00h-0FFh/0F000h \
  -peeprom_data=EEDATA -DEEDATA=2 -DCODE=2 -DSTRCODE=2 -DSTRING=2 -DCONST=2 \
  -DENTRY=2 -preset_vec=00h,intentry=04h,sivt,init,end_init -ppowerup=CODE \
  -pcinit=CODE -pfunctab=ENTRY -k /tmp/xcXPHNHmN/driver_tmp_20.o \
  dist/default/production/tstTC74LCD.X.production.o 

Object code version is 3.11

Machine type is 16F18875



                Name                               Link     Load   Length Selector   Space Scale
/tmp/xcXPHNHmN/driver_tmp_20.o
                end_init                             40       40        2        8       0
                reset_vec                             0        0        2        0       0
                config                             8007     8007        5        0       4
                idloc                              8000     8000        4        0       5
dist/default/production/tstTC74LCD.X.production.o
                cinit                                42       42       35        8       0
                intentry                              4        4       3C        8       0
                config                             8007     8007        5        0       4
                idloc                              8000     8000        4        0       5
                text100                            123A     123A        6     2474       0
                text99                             1221     1221        1     2442       0
                text98                             1317     1317        D     262E       0
                text97                             1240     1240        6     2480       0
                text96                             1246     1246        6     248C       0
                text95                                2        2        1        0       0
                text94                             1359     1359        F     26B2       0
                text93                             128B     128B        9     2516       0
                text92                                3        3        1        6       0
                text91                             1368     1368        F     26D0       0
                text90                              7FF      7FF        1        8       0
                text89                             12BA     12BA        B     2574       0
                text88                             1377     1377       11     26EE       0
                text87                             144A     144A       17     2894       0
                text85                             12C5     12C5        B     258A       0
                text84                             124C     124C        6     2498       0
                text83                             1222     1222        3     2444       0
                text82                             1399     1399       12     2732       0
                text81                             12A6     12A6        A     254C       0
                text80                             14C6     14C6       1E     298C       0
                text79                             134B     134B        E     2696       0
                text78                             1606     1606       38     2C0C       0
                text77                             1230     1230        5     2460       0
                text76                             16F1     16F1       42     2DE2       0
                text75                             1733     1733       42     2E66       0
                text74                             1678     1678       3B     2CF0       0
                text73                             13BD     13BD       13     277A       0
                text72                              D0E      D0E       B1     1A1C       0
                text71                              89D      89D       51     113A       0
                text70                              41B      41B      120        8       0
                text69                             1324     1324        D     2648       0
                text68                              C85      C85       89     190A       0
                text67                              B24      B24       71     1648       0
                text66                             13AB     13AB       12     2756       0
                text65                             13E3     13E3       14     27C6       0
                text64                             1491     1491       1A     2922       0
                text63                              852      852       4B     10A4       0
                text62                              53B      53B      109        8       0
                text61                             12DB     12DB        C     25B6       0
                text60                             1228     1228        4     2450       0
                text59                             122C     122C        4     2458       0
                text58                             1252     1252        6     24A4       0
                text57                             1258     1258        6     24B0       0
                text56                             1461     1461       17     28C2       0
                text55                             1235     1235        5     246A       0
                text54                             125E     125E        6     24BC       0
                text53                             1331     1331        D     2662       0
                text52                             12B0     12B0        A     2560       0
                text51                             1294     1294        9     2528       0
                text50                             1264     1264        6     24C8       0
                text49                              9FF      9FF       5E     13FE       0
                text48                             1283     1283        8     2506       0
                text47                             12E7     12E7        C     25CE       0
                text46                             12F3     12F3        C     25E6       0
                text45                             12D0     12D0        B     25A0       0
                text44                             126A     126A        6     24D4       0
                text43                             15AA     15AA       2A     2B54       0
                text42                             133E     133E        D     267C       0
                text41                             1585     1585       25     2B0A       0
                text40                             12FF     12FF        C     25FE       0
                text39                             130B     130B        C     2616       0
                text38                             153F     153F       22     2A7E       0
                text37                              808      808       4A     1010       0
                text36                             14AB     14AB       1B     2956       0
                text35                             1775     1775       43     2EEA       0
                text34                              DBF      DBF       B1     1B7E       0
                text33                              C09      C09       7C     1812       0
                text32                             140B     140B       15     2816       0
                text31                             129D     129D        9     253A       0
                text30                               77       77      144        8       0
                text29                             13D0     13D0       13     27A0       0
                text28                             127C     127C        7     24F8       0
                text27                             1420     1420       15     2840       0
                text26                              800      800        8     1000       0
                text25                             1478     1478       19     28F0       0
                text24                             1435     1435       15     286A       0
                text23                              947      947       5C     128E       0
                text22                             16B3     16B3       3E     2D66       0
                text21                              730      730       CE        8       0
                text20                              AC0      AC0       64     1580       0
                text19                              644      644       EC        8       0
                text18                             1225     1225        3     244A       0
                text17                             13F7     13F7       14     27EE       0
                text16                             1388     1388       11     2710       0
                text15                              1BB      1BB      138        8       0
                text14                             1520     1520       1F     2A40       0
                text13                              9A3      9A3       5C     1346       0
                text12                             163E     163E       3A     2C7C       0
                text11                             15D4     15D4       32     2BA8       0
                text10                              7FE      7FE        1        8       0
                text9                               8EE      8EE       59     11DC       0
                text8                              1561     1561       24     2AC2       0
                text7                              17B8     17B8       48     2F70       0
                text6                               B95      B95       74     172A       0
                text5                               F36      F36       CA     1E6C       0
                text4                              14E4     14E4       1E     29C8       0
                text3                              1502     1502       1E     2A04       0
                text2                               2F3      2F3      128        8       0
                text1                               A5D      A5D       63     14BA       0
                maintext                            E70      E70       C6     1CE0       0
                cstackBANK0                          20       20       4B       20       1
                cstackCOMMON                         70       70        A       70       1
                cstackBANK1                          A0       A0       36       A0       1
                cstackBANK3                         1C0      1C0        8      1A0       1
                clrtext                            1270     1270        6     24E0       0
                bssBANK3                            1A0      1A0       20      1A0       1
                bssBANK2                            120      120       42      120       1
                dataBANK1                            E4       E4        6       A0       1
                bssBANK1                             D6       D6        E       A0       1
                bssBANK0                             6B       6B        5       20       1
                bssCOMMON                            7A       7A        2       70       1
                stringtext3                        1839     1839        E     3000       0
                stringtext2                        1820     1820       19     3000       0
                nvBANK2                             162      162        8      120       1
                stringtext1                        1800     1800       20     3000       0
                idataBANK1                         1276     1276        6     24EC       0

TOTAL           Name                               Link     Load   Length     Space
        CLASS   CODE           
                end_init                             40       40        2         0
                cinit                                42       42       35         0
                intentry                              4        4       3C         0
                reset_vec                             0        0        2         0
                text100                            123A     123A        6         0
                text99                             1221     1221        1         0
                text98                             1317     1317        D         0
                text97                             1240     1240        6         0
                text96                             1246     1246        6         0
                text95                                2        2        1         0
                text94                             1359     1359        F         0
                text93                             128B     128B        9         0
                text92                                3        3        1         0
                text91                             1368     1368        F         0
                text90                              7FF      7FF        1         0
                text89                             12BA     12BA        B         0
                text88                             1377     1377       11         0
                text87                             144A     144A       17         0
                text85                             12C5     12C5        B         0
                text84                             124C     124C        6         0
                text83                             1222     1222        3         0
                text82                             1399     1399       12         0
                text81                             12A6     12A6        A         0
                text80                             14C6     14C6       1E         0
                text79                             134B     134B        E         0
                text78                             1606     1606       38         0
                text77                             1230     1230        5         0
                text76                             16F1     16F1       42         0
                text75                             1733     1733       42         0
                text74                             1678     1678       3B         0
                text73                             13BD     13BD       13         0
                text72                              D0E      D0E       B1         0
                text71                              89D      89D       51         0
                text70                              41B      41B      120         0
                text69                             1324     1324        D         0
                text68                              C85      C85       89         0
                text67                              B24      B24       71         0
                text66                             13AB     13AB       12         0
                text65                             13E3     13E3       14         0
                text64                             1491     1491       1A         0
                text63                              852      852       4B         0
                text62                              53B      53B      109         0
                text61                             12DB     12DB        C         0
                text60                             1228     1228        4         0
                text59                             122C     122C        4         0
                text58                             1252     1252        6         0
                text57                             1258     1258        6         0
                text56                             1461     1461       17         0
                text55                             1235     1235        5         0
                text54                             125E     125E        6         0
                text53                             1331     1331        D         0
                text52                             12B0     12B0        A         0
                text51                             1294     1294        9         0
                text50                             1264     1264        6         0
                text49                              9FF      9FF       5E         0
                text48                             1283     1283        8         0
                text47                             12E7     12E7        C         0
                text46                             12F3     12F3        C         0
                text45                             12D0     12D0        B         0
                text44                             126A     126A        6         0
                text43                             15AA     15AA       2A         0
                text42                             133E     133E        D         0
                text41                             1585     1585       25         0
                text40                             12FF     12FF        C         0
                text39                             130B     130B        C         0
                text38                             153F     153F       22         0
                text37                              808      808       4A         0
                text36                             14AB     14AB       1B         0
                text35                             1775     1775       43         0
                text34                              DBF      DBF       B1         0
                text33                              C09      C09       7C         0
                text32                             140B     140B       15         0
                text31                             129D     129D        9         0
                text30                               77       77      144         0
                text29                             13D0     13D0       13         0
                text28                             127C     127C        7         0
                text27                             1420     1420       15         0
                text26                              800      800        8         0
                text25                             1478     1478       19         0
                text24                             1435     1435       15         0
                text23                              947      947       5C         0
                text22                             16B3     16B3       3E         0
                text21                              730      730       CE         0
                text20                              AC0      AC0       64         0
                text19                              644      644       EC         0
                text18                             1225     1225        3         0
                text17                             13F7     13F7       14         0
                text16                             1388     1388       11         0
                text15                              1BB      1BB      138         0
                text14                             1520     1520       1F         0
                text13                              9A3      9A3       5C         0
                text12                             163E     163E       3A         0
                text11                             15D4     15D4       32         0
                text10                              7FE      7FE        1         0
                text9                               8EE      8EE       59         0
                text8                              1561     1561       24         0
                text7                              17B8     17B8       48         0
                text6                               B95      B95       74         0
                text5                               F36      F36       CA         0
                text4                              14E4     14E4       1E         0
                text3                              1502     1502       1E         0
                text2                               2F3      2F3      128         0
                text1                               A5D      A5D       63         0
                maintext                            E70      E70       C6         0
                clrtext                            1270     1270        6         0
                idataBANK1                         1276     1276        6         0

        CLASS   STRCODE        
                stringtext3                        1839     1839        E         0
                stringtext2                        1820     1820       19         0
                stringtext1                        1800     1800       20         0

        CLASS   STRING         

        CLASS   CONST          

        CLASS   ENTRY          

        CLASS   COMMON         
                cstackCOMMON                         70       70        A         1
                bssCOMMON                            7A       7A        2         1

        CLASS   BANK0          
                cstackBANK0                          20       20       4B         1
                bssBANK0                             6B       6B        5         1

        CLASS   BANK1          
                cstackBANK1                          A0       A0       36         1
                dataBANK1                            E4       E4        6         1
                bssBANK1                             D6       D6        E         1

        CLASS   BANK2          
                bssBANK2                            120      120       42         1
                nvBANK2                             162      162        8         1

        CLASS   BANK3          
                cstackBANK3                         1C0      1C0        8         1
                bssBANK3                            1A0      1A0       20         1

        CLASS   BANK4          

        CLASS   BANK5          

        CLASS   BANK6          

        CLASS   BANK7          

        CLASS   BANK8          

        CLASS   BANK9          

        CLASS   BANK10         

        CLASS   BANK11         

        CLASS   BANK12         

        CLASS   BIGRAM         

        CLASS   RAM            

        CLASS   ABS1           
                abs_s1                               7E       7E        2         1

        CLASS   SFR0           

        CLASS   SFR1           

        CLASS   SFR2           

        CLASS   SFR3           

        CLASS   SFR4           

        CLASS   SFR5           

        CLASS   SFR6           

        CLASS   SFR7           

        CLASS   SFR8           

        CLASS   SFR9           

        CLASS   SFR10          

        CLASS   SFR11          

        CLASS   SFR12          

        CLASS   SFR13          

        CLASS   SFR14          

        CLASS   SFR15          

        CLASS   SFR16          

        CLASS   SFR17          

        CLASS   SFR18          

        CLASS   SFR19          

        CLASS   SFR20          

        CLASS   SFR21          

        CLASS   SFR22          

        CLASS   SFR23          

        CLASS   SFR24          

        CLASS   SFR25          

        CLASS   SFR26          

        CLASS   SFR27          

        CLASS   SFR28          

        CLASS   SFR29          

        CLASS   SFR30          

        CLASS   SFR31          

        CLASS   CONFIG         
                config                             8007     8007        5         4

        CLASS   IDLOC          
                idloc                              8000     8000        4         5

        CLASS   EEDATA         

        CLASS   BANK31         

        CLASS   BANK30         

        CLASS   BANK29         

        CLASS   BANK28         

        CLASS   BANK27         

        CLASS   BANK26         

        CLASS   BANK25         

        CLASS   BANK24         

        CLASS   BANK23         

        CLASS   BANK22         

        CLASS   BANK21         

        CLASS   BANK20         

        CLASS   BANK19         

        CLASS   BANK18         

        CLASS   BANK17         

        CLASS   BANK16         

        CLASS   BANK15         

        CLASS   BANK14         

        CLASS   BANK13         

        CLASS   HEAP           

        CLASS   STACK          



SEGMENTS        Name                           Load    Length   Top    Selector   Space  Class     Delta

                text17                         0013F7  000014  00140B      27EE       0  CODE        2
                text32                         00140B  000015  001420      2816       0  CODE        2
                text29                         0013D0  000013  0013E3      27A0       0  CODE        2
                text65                         0013E3  000014  0013F7      27C6       0  CODE        2
                text27                         001420  000015  001435      2840       0  CODE        2
                text56                         001461  000017  001478      28C2       0  CODE        2
                text25                         001478  000019  001491      28F0       0  CODE        2
                text24                         001435  000015  00144A      286A       0  CODE        2
                text87                         00144A  000017  001461      2894       0  CODE        2
                text73                         0013BD  000013  0013D0      277A       0  CODE        2
                text79                         00134B  00000E  001359      2696       0  CODE        2
                text94                         001359  00000F  001368      26B2       0  CODE        2
                text53                         001331  00000D  00133E      2662       0  CODE        2
                text42                         00133E  00000D  00134B      267C       0  CODE        2
                text91                         001368  00000F  001377      26D0       0  CODE        2
                text82                         001399  000012  0013AB      2732       0  CODE        2
                text66                         0013AB  000012  0013BD      2756       0  CODE        2
                text88                         001377  000011  001388      26EE       0  CODE        2
                text16                         001388  000011  001399      2710       0  CODE        2
                text78                         001606  000038  00163E      2C0C       0  CODE        2
                text12                         00163E  00003A  001678      2C7C       0  CODE        2
                text43                         0015AA  00002A  0015D4      2B54       0  CODE        2
                text11                         0015D4  000032  001606      2BA8       0  CODE        2
                text74                         001678  00003B  0016B3      2CF0       0  CODE        2
                text75                         001733  000042  001775      2E66       0  CODE        2
                text35                         001775  000043  0017B8      2EEA       0  CODE        2
                text22                         0016B3  00003E  0016F1      2D66       0  CODE        2
                text76                         0016F1  000042  001733      2DE2       0  CODE        2
                text41                         001585  000025  0015AA      2B0A       0  CODE        2
                text80                         0014C6  00001E  0014E4      298C       0  CODE        2
                text4                          0014E4  00001E  001502      29C8       0  CODE        2
                text64                         001491  00001A  0014AB      2922       0  CODE        2
                text36                         0014AB  00001B  0014C6      2956       0  CODE        2
                text3                          001502  00001E  001520      2A04       0  CODE        2
                text38                         00153F  000022  001561      2A7E       0  CODE        2
                text8                          001561  000024  001585      2AC2       0  CODE        2
                text14                         001520  00001F  00153F      2A40       0  CODE        2
                stringtext1                    001800  000047  001847      3000       0  STRCODE     2
                text84                         00124C  000006  001252      2498       0  CODE        2
                text58                         001252  000006  001258      24A4       0  CODE        2
                text97                         001240  000006  001246      2480       0  CODE        2
                text96                         001246  000006  00124C      248C       0  CODE        2
                text57                         001258  000006  00125E      24B0       0  CODE        2
                text44                         00126A  000006  001270      24D4       0  CODE        2
                clrtext                        001270  000006  001276      24E0       0  CODE        2
                text54                         00125E  000006  001264      24BC       0  CODE        2
                text50                         001264  000006  00126A      24C8       0  CODE        2
                text100                        00123A  000006  001240      2474       0  CODE        2
                text92                         000003  000001  000004         6       0  CODE        2
                text83                         001222  000003  001225      2444       0  CODE        2
                text99                         001221  000001  001222      2442       0  CODE        2
                text18                         001225  000003  001228      244A       0  CODE        2
                text77                         001230  000005  001235      2460       0  CODE        2
                text55                         001235  000005  00123A      246A       0  CODE        2
                text60                         001228  000004  00122C      2450       0  CODE        2
                text59                         00122C  000004  001230      2458       0  CODE        2
                text61                         0012DB  00000C  0012E7      25B6       0  CODE        2
                text47                         0012E7  00000C  0012F3      25CE       0  CODE        2
                text85                         0012C5  00000B  0012D0      258A       0  CODE        2
                text45                         0012D0  00000B  0012DB      25A0       0  CODE        2
                text46                         0012F3  00000C  0012FF      25E6       0  CODE        2
                text98                         001317  00000D  001324      262E       0  CODE        2
                text69                         001324  00000D  001331      2648       0  CODE        2
                text40                         0012FF  00000C  00130B      25FE       0  CODE        2
                text39                         00130B  00000C  001317      2616       0  CODE        2
                text89                         0012BA  00000B  0012C5      2574       0  CODE        2
                text48                         001283  000008  00128B      2506       0  CODE        2
                text26                         000800  000008  000808      1000       0  CODE        2
                idataBANK1                     001276  000006  00127C      24EC       0  CODE        2
                text28                         00127C  000007  001283      24F8       0  CODE        2
                text93                         00128B  000009  001294      2516       0  CODE        2
                text81                         0012A6  00000A  0012B0      254C       0  CODE        2
                text52                         0012B0  00000A  0012BA      2560       0  CODE        2
                text51                         001294  000009  00129D      2528       0  CODE        2
                text31                         00129D  000009  0012A6      253A       0  CODE        2
                text7                          0017B8  000048  001800      2F70       0  CODE        2
                bssBANK2                       000120  00004A  00016A       120       1  BANK2       1
                reset_vec                      000000  000003  000003         0       0  CODE        2
                cstackBANK0                    000020  000050  000070        20       1  BANK0       1
                bssBANK3                       0001A0  000028  0001C8       1A0       1  BANK3       1
                cstackBANK1                    0000A0  00004A  0000EA        A0       1  BANK1       1
                cstackCOMMON                   000070  00000C  00007C        70       1  COMMON      1
                intentry                       000004  0007FC  000800         8       0  CODE        2
                text13                         0009A3  00005C  0009FF      1346       0  CODE        2
                text49                         0009FF  00005E  000A5D      13FE       0  CODE        2
                text23                         000947  00005C  0009A3      128E       0  CODE        2
                text1                          000A5D  000063  000AC0      14BA       0  CODE        2
                text9                          0008EE  000059  000947      11DC       0  CODE        2
                text20                         000AC0  000064  000B24      1580       0  CODE        2
                text67                         000B24  000071  000B95      1648       0  CODE        2
                text71                         00089D  000051  0008EE      113A       0  CODE        2
                text63                         000852  00004B  00089D      10A4       0  CODE        2
                text37                         000808  00004A  000852      1010       0  CODE        2
                maintext                       000E70  0000C6  000F36      1CE0       0  CODE        2
                text5                          000F36  0000CA  001000      1E6C       0  CODE        2
                text33                         000C09  00007C  000C85      1812       0  CODE        2
                text6                          000B95  000074  000C09      172A       0  CODE        2
                text68                         000C85  000089  000D0E      190A       0  CODE        2
                text34                         000DBF  0000B1  000E70      1B7E       0  CODE        2
                text72                         000D0E  0000B1  000DBF      1A1C       0  CODE        2


UNUSED ADDRESS RANGES

        Name                Unused          Largest block    Delta
        BANK1            000EA-000EF               6           1
        BANK10           00520-0056F              50           1
        BANK11           005A0-005EF              50           1
        BANK12           00620-0064F              30           1
        BANK2            0016A-0016F               6           1
        BANK3            001C8-001EF              28           1
        BANK4            00220-0026F              50           1
        BANK5            002A0-002EF              50           1
        BANK6            00320-0036F              50           1
        BANK7            003A0-003EF              50           1
        BANK8            00420-0046F              50           1
        BANK9            004A0-004EF              50           1
        BIGRAM           02000-023EF             3F0           1
        CODE             01000-01220             221           2
                         01847-01FFF             7B9
        COMMON           0007C-0007D               2           1
        CONST            01000-01220             100           2
                         01847-01FFF             100
        EEDATA           0F000-0F0FF             100           2
        ENTRY            01000-01220             100           2
                         01847-01FFF             100
        RAM              000EA-000EF               6           1
                         0016A-0016F               6
                         001C8-001EF              28
                         00220-0026F              50
                         002A0-002EF              50
                         00320-0036F              50
                         003A0-003EF              50
                         00420-0046F              50
                         004A0-004EF              50
                         00520-0056F              50
                         005A0-005EF              50
                         00620-0064F              30
        SFR0             00000-0001F              20           1
        SFR1             00080-0009F              20           1
        SFR10            00500-0051F              20           1
        SFR11            00580-0059F              20           1
        SFR12            00600-0061F              20           1
        SFR13            00680-006EF              70           1
        SFR14            00700-0076F              70           1
        SFR15            00780-007EF              70           1
        SFR16            00800-0086F              70           1
        SFR17            00880-008EF              70           1
        SFR18            00900-0096F              70           1
        SFR19            00980-009EF              70           1
        SFR2             00100-0011F              20           1
        SFR20            00A00-00A6F              70           1
        SFR21            00A80-00AEF              70           1
        SFR22            00B00-00B6F              70           1
        SFR23            00B80-00BEF              70           1
        SFR24            00C00-00C6F              70           1
        SFR25            00C80-00CEF              70           1
        SFR26            00D00-00D6F              70           1
        SFR27            00D80-00DEF              70           1
        SFR28            00E00-00E6F              70           1
        SFR29            00E80-00EEF              70           1
        SFR3             00180-0019F              20           1
        SFR30            00F00-00F6F              70           1
        SFR31            00F80-00FEF              70           1
        SFR4             00200-0021F              20           1
        SFR5             00280-0029F              20           1
        SFR6             00300-0031F              20           1
        SFR7             00380-0039F              20           1
        SFR8             00400-0041F              20           1
        SFR9             00480-0049F              20           1
        STRCODE          01000-01220             221           2
                         01847-01FFF             7B9
        STRING           01000-01220             100           2
                         01847-01FFF             100

                                  Symbol Table

?_ADCC_GetSingleConversion                    cstackCOMMON 00072
?_AppClock_Seconds                            cstackCOMMON 00072
?_LCDbusy                                     cstackBANK0  00020
?_S1_check                                    cstackCOMMON 00072
?_S2_check                                    cstackCOMMON 00072
?___awdiv                                     cstackBANK0  00020
?___awmod                                     cstackCOMMON 00072
?___lwdiv                                     cstackCOMMON 00072
?___lwmod                                     cstackCOMMON 00072
?___wmul                                      cstackCOMMON 00072
?_read_prec_or_width                          cstackCOMMON 00078
?_sprintf                                     cstackBANK0  00052
?_vfprintf                                    cstackBANK0  0004A
ADCC_GetSingleConversion@channel              cstackCOMMON 00074
ClearRecords@i                                cstackCOMMON 00076
DATAEE_ReadByte@bAdd                          cstackCOMMON 00072
DATAEE_WriteByte@GIEBitValue                  cstackCOMMON 00075
DATAEE_WriteByte@bAdd                         cstackCOMMON 00072
DATAEE_WriteByte@bData                        cstackCOMMON 00074
EEPROM_ReadConfig@config_id                   cstackCOMMON 00074
EEPROM_ReadHeader@checksum                    cstackCOMMON 00075
EEPROM_ReadHeader@high                        cstackCOMMON 00077
EEPROM_ReadHeader@low                         cstackCOMMON 00076
EEPROM_ReadHeader@magic                       cstackCOMMON 00074
EEPROM_ReadRecord@L                           cstackBANK0  00026
EEPROM_ReadRecord@T                           cstackBANK0  00025
EEPROM_ReadRecord@base_addr                   cstackBANK0  00020
EEPROM_ReadRecord@h                           cstackBANK0  00022
EEPROM_ReadRecord@m                           cstackBANK0  00023
EEPROM_ReadRecord@s                           cstackBANK0  00024
EEPROM_WriteConfig@config_id                  cstackCOMMON 00077
EEPROM_WriteConfig@value                      cstackCOMMON 00076
EEPROM_WriteHeader@checksum                   cstackCOMMON 00078
EEPROM_WriteHeader@magic                      cstackCOMMON 00076
EEPROM_WriteRecord@L                          cstackBANK0  00026
EEPROM_WriteRecord@T                          cstackBANK0  00025
EEPROM_WriteRecord@base_addr                  cstackBANK0  00020
EEPROM_WriteRecord@h                          cstackBANK0  00022
EEPROM_WriteRecord@m                          cstackBANK0  00023
EEPROM_WriteRecord@s                          cstackBANK0  00024
INT_SetInterruptHandler@InterruptHandler      cstackCOMMON 00072
IOCCF5_SetInterruptHandler@InterruptHandler   cstackCOMMON 00072
LCDchar@c                                     cstackCOMMON 00079
LCDcmd@c                                      cstackCOMMON 00079
LCDpos@c                                      cstackBANK0  00020
LCDpos@l                                      cstackBANK0  00021
LCDpos@p                                      cstackBANK0  00022
LCDrecv@hc                                    cstackCOMMON 00076
LCDrecv@lc                                    cstackCOMMON 00077
LCDrecv@mode                                  cstackCOMMON 00078
LCDsend2x4@c                                  cstackCOMMON 00076
LCDsend2x4@hc                                 cstackCOMMON 00077
LCDsend2x4@lc                                 cstackCOMMON 00078
LCDsend2x4@mode                               cstackCOMMON 00074
LCDsend@c                                     cstackCOMMON 00075
LCDstr@c                                      cstackBANK0  00024
LCDstr@p                                      cstackBANK0  00020
OnS1Pressed@next                              cstackCOMMON 00075
PWM6_LoadDutyValue@dutyValue                  cstackCOMMON 00072
RenderConfig@line1                            cstackBANK0  0003F
RenderConfig@line2                            cstackBANK0  0002E
RenderConfig@show_hh                          cstackBANK0  00052
RenderConfig@show_mm                          cstackBANK0  00053
RenderConfig@show_ss                          cstackBANK0  00054
RenderNormal@line1                            cstackBANK0  0003F
RenderNormal@line2                            cstackBANK0  0002E
RenderRecords@line1                           cstackBANK1  000AA
RenderRecords@line2                           cstackBANK1  000BB
SaveRecord_EEPROM@record_to_save              cstackCOMMON 00076
TMR1_SetGateInterruptHandler@InterruptHandler cstackCOMMON 00072
TMR1_SetInterruptHandler@InterruptHandler     cstackCOMMON 00072
TMR1_WriteTimer@timerVal                      cstackCOMMON 00070
UI_Init@calc_checksum                         cstackBANK0  0005B
UI_Init@i                                     cstackBANK0  0005C
UI_Init@i_3291                                cstackBANK0  0005D
UI_Init@magic                                 cstackBANK0  00058
UI_Init@stored_checksum                       cstackBANK0  0005A
UI_OnTick1s@clockCond                         cstackBANK1  000CD
WriteI2C@data_out                             cstackCOMMON 00073
_ADACCH                                       (abs)        00091
_ADACCL                                       (abs)        00090
_ADACQ                                        (abs)        0009D
_ADACT                                        (abs)        00099
_ADCAP                                        (abs)        0009B
_ADCC_GetSingleConversion                     text66       013AB
_ADCC_Initialize                              text56       01461
_ADCLK                                        (abs)        00098
_ADCNT                                        (abs)        0010C
_ADCON0                                       (abs)        00093
_ADCON0bits                                   (abs)        00093
_ADCON1                                       (abs)        00094
_ADCON1bits                                   (abs)        00094
_ADCON2                                       (abs)        00095
_ADCON2bits                                   (abs)        00095
_ADCON3                                       (abs)        00096
_ADCON3bits                                   (abs)        00096
_ADERRH                                       (abs)        00117
_ADERRL                                       (abs)        00116
_ADFLTRH                                      (abs)        00115
_ADFLTRL                                      (abs)        00114
_ADLTHH                                       (abs)        0010F
_ADLTHL                                       (abs)        0010E
_ADPCH                                        (abs)        0009E
_ADPRE                                        (abs)        0009C
_ADPREVH                                      (abs)        0008F
_ADPREVL                                      (abs)        0008E
_ADREF                                        (abs)        0009A
_ADRESH                                       (abs)        0008D
_ADRESL                                       (abs)        0008C
_ADRPT                                        (abs)        0010D
_ADSTAT                                       (abs)        00097
_ADSTATbits                                   (abs)        00097
_ADSTPTH                                      (abs)        00113
_ADSTPTL                                      (abs)        00112
_ADUTHH                                       (abs)        00111
_ADUTHL                                       (abs)        00110
_ANSELA                                       (abs)        00F38
_ANSELAbits                                   (abs)        00F38
_ANSELB                                       (abs)        00F43
_ANSELC                                       (abs)        00F4E
_ANSELD                                       (abs)        00F59
_ANSELE                                       (abs)        00F64
_Alarm_BeepStart                              text17       013F7
_Alarm_BeepTick1s                             text16       01388
_AppClock_ConsumeTick1s                       text85       012C5
_AppClock_Init                                text82       01399
_AppClock_Seconds                             text81       012A6
_CCPTMRS1bits                                 (abs)        0021F
_CLKRCLK                                      (abs)        00896
_CLKRCON                                      (abs)        00895
_CLKREF_Initialize                            text55       01235
_ClearAlarmFlags                              text77       01230
_ClearRecords                                 text72       00D0E
_Clock_Tick1s                                 text78       01606
_CompareReading                               text67       00B24
_DATAEE_ReadByte                              text40       012FF
_DATAEE_WriteByte                             text80       014C6
_EEPROM_ReadConfig                            text39       0130B
_EEPROM_ReadHeader                            text38       0153F
_EEPROM_ReadRecord                            text37       00808
_EEPROM_WriteConfig                           text79       0134B
_EEPROM_WriteHeader                           text36       014AB
_EEPROM_WriteRecord                           text74       01678
_EXT_INT_Initialize                           text53       01331
_I2C1_CallbackReturnReset                     (abs)        00000
_I2C1_CallbackReturnStop                      (abs)        00000
_I2C1_DO_ADDRESS_NACK                         (abs)        00000
_I2C1_DO_IDLE                                 (abs)        00000
_I2C1_DO_RCEN                                 (abs)        00000
_I2C1_DO_RESET                                (abs)        00000
_I2C1_DO_RX                                   (abs)        00000
_I2C1_DO_RX_ACK                               (abs)        00000
_I2C1_DO_RX_NACK_RESTART                      (abs)        00000
_I2C1_DO_RX_NACK_STOP                         (abs)        00000
_I2C1_DO_SEND_ADR_READ                        (abs)        00000
_I2C1_DO_SEND_ADR_WRITE                       (abs)        00000
_I2C1_DO_SEND_RESTART                         (abs)        00000
_I2C1_DO_SEND_RESTART_READ                    (abs)        00000
_I2C1_DO_SEND_RESTART_WRITE                   (abs)        00000
_I2C1_DO_SEND_STOP                            (abs)        00000
_I2C1_DO_TX                                   (abs)        00000
_I2C1_DO_TX_EMPTY                             (abs)        00000
_I2C1_Initialize                              text52       012B0
_I2C1_MasterIsr                               (abs)        00000
_I2C1_Status                                  bssBANK2     00120
_INLVLA                                       (abs)        00F3C
_INLVLB                                       (abs)        00F47
_INLVLC                                       (abs)        00F52
_INLVLD                                       (abs)        00F5D
_INLVLE                                       (abs)        00F68
_INTCONbits                                   (abs)        0000B
_INTERRUPT_InterruptManager                   intentry     00004
_INTPPS                                       (abs)        00E90
_INT_CallBack                                 text98       01317
_INT_DefaultInterruptHandler                  text99       01221
_INT_ISR                                      text97       01240
_INT_InterruptHandler                         nvBANK2      00162
_INT_SetInterruptHandler                      text54       0125E
_IOCCF5_DefaultInterruptHandler               text95       00002
_IOCCF5_ISR                                   text94       01359
_IOCCF5_InterruptHandler                      nvBANK2      00168
_IOCCF5_SetInterruptHandler                   text50       01264
_IOCCFbits                                    (abs)        00F55
_IOCCNbits                                    (abs)        00F54
_IOCCPbits                                    (abs)        00F53
_LATA                                         (abs)        00016
_LATAbits                                     (abs)        00016
_LATB                                         (abs)        00017
_LATC                                         (abs)        00018
_LATD                                         (abs)        00019
_LATE                                         (abs)        0001A
_LCDbusy                                      text29       013D0
_LCDchar                                      text26       00800
_LCDcmd                                       text28       0127C
_LCDinit                                      text33       00C09
_LCDpos                                       text27       01420
_LCDrecv                                      text30       00077
_LCDsend                                      text35       01775
_LCDsend2x4                                   text34       00DBF
_LCDstr                                       text25       01478
_MSSP1_InterruptHandler                       bssBANK2     00149
_NVMADRH                                      (abs)        0081B
_NVMADRL                                      (abs)        0081A
_NVMCON1bits                                  (abs)        0081E
_NVMCON2                                      (abs)        0081F
_NVMDATH                                      (abs)        0081D
_NVMDATL                                      (abs)        0081C
_ODCONA                                       (abs)        00F3A
_ODCONB                                       (abs)        00F45
_ODCONC                                       (abs)        00F50
_ODCOND                                       (abs)        00F5B
_ODCONE                                       (abs)        00F66
_OSCCON1                                      (abs)        0088D
_OSCCON3                                      (abs)        0088F
_OSCEN                                        (abs)        00891
_OSCFRQ                                       (abs)        00893
_OSCILLATOR_Initialize                        text51       01294
_OSCTUNE                                      (abs)        00892
_OnS1Pressed                                  text75       01733
_OnS2Pressed                                  text70       0041B
_OpenI2C                                      text69       01324
_PIE0bits                                     (abs)        00716
_PIE3bits                                     (abs)        00719
_PIE4bits                                     (abs)        0071A
_PIE5bits                                     (abs)        0071B
_PIN_MANAGER_IOC                              text93       0128B
_PIN_MANAGER_Initialize                       text49       009FF
_PIR0bits                                     (abs)        0070C
_PIR3bits                                     (abs)        0070F
_PIR4bits                                     (abs)        00710
_PIR5bits                                     (abs)        00711
_PMD0                                         (abs)        00796
_PMD1                                         (abs)        00797
_PMD2                                         (abs)        00798
_PMD3                                         (abs)        00799
_PMD4                                         (abs)        0079A
_PMD5                                         (abs)        0079B
_PMD_Initialize                               text48       01283
_PR2                                          (abs)        0028D
_PWM6CON                                      (abs)        0038E
_PWM6CONbits                                  (abs)        0038E
_PWM6DCH                                      (abs)        0038D
_PWM6DCL                                      (abs)        0038C
_PWM6_Initialize                              text47       012E7
_PWM6_LoadDutyValue                           text32       0140B
_PWM6_Start                                   text18       01225
_PWM6_Stop                                    text31       0129D
_RA6PPS                                       (abs)        00F16
_RC3PPS                                       (abs)        00F23
_RC4PPS                                       (abs)        00F24
_ReadI2C                                      text64       01491
_ReadSensors                                  text61       012DB
_RenderConfig                                 text15       001BB
_RenderConfig$3314                            cstackBANK0  00050
_RenderNormal                                 text21       00730
_RenderNormal$3318                            cstackBANK0  00050
_RenderNormal$3319                            cstackBANK0  00052
_RenderNormal$3320                            cstackBANK0  00054
_RenderNormal$3321                            cstackBANK0  00056
_RenderRecords                                text2        002F3
_Reset_flag_S1                                text60       01228
_Reset_flag_S2                                text59       0122C
_S1_Callback                                  text100      0123A
_S1_check                                     text58       01252
_S1_pressed                                   bssBANK2     00147
_S2_Callback                                  text96       01246
_S2_check                                     text57       01258
_S2_pressed                                   bssBANK2     00145
_SLRCONA                                      (abs)        00F3B
_SLRCONB                                      (abs)        00F46
_SLRCONC                                      (abs)        00F51
_SLRCOND                                      (abs)        00F5C
_SLRCONE                                      (abs)        00F67
_SMT1CLK                                      (abs)        0049B
_SMT1CON0                                     (abs)        00498
_SMT1CON0bits                                 (abs)        00498
_SMT1CON1                                     (abs)        00499
_SMT1CON1bits                                 (abs)        00499
_SMT1CPR                                      (abs)        0048F
_SMT1CPW                                      (abs)        00492
_SMT1PR                                       (abs)        00495
_SMT1PRH                                      (abs)        00496
_SMT1PRL                                      (abs)        00495
_SMT1PRU                                      (abs)        00497
_SMT1SIG                                      (abs)        0049C
_SMT1SIGPPS                                   (abs)        00EAA
_SMT1STAT                                     (abs)        0049A
_SMT1STATbits                                 (abs)        0049A
_SMT1TMR                                      (abs)        0048C
_SMT1WIN                                      (abs)        0049D
_SMT1WINPPS                                   (abs)        00EA9
_SMT1_Initialize                              text46       012F3
_SSP1ADD                                      (abs)        0018D
_SSP1BUF                                      (abs)        0018C
_SSP1CLKPPS                                   (abs)        00EC5
_SSP1CON1                                     (abs)        00190
_SSP1CON1bits                                 (abs)        00190
_SSP1CON2                                     (abs)        00191
_SSP1CON2bits                                 (abs)        00191
_SSP1DATPPS                                   (abs)        00EC6
_SSP1STAT                                     (abs)        0018F
_SSP1STATbits                                 (abs)        0018F
_SYSTEM_Initialize                            text41       01585
_SaveRecord_EEPROM                            text68       00C85
_T0CKIPPS                                     (abs)        00E91
_T0CON0                                       (abs)        0001E
_T0CON0bits                                   (abs)        0001E
_T0CON1                                       (abs)        0001F
_T1CLK                                        (abs)        00211
_T1CON                                        (abs)        0020E
_T1CONbits                                    (abs)        0020E
_T1GATE                                       (abs)        00210
_T1GCON                                       (abs)        0020F
_T1GCONbits                                   (abs)        0020F
_T2CLKCON                                     (abs)        00290
_T2CON                                        (abs)        0028E
_T2CONbits                                    (abs)        0028E
_T2HLT                                        (abs)        0028F
_T2HLTbits                                    (abs)        0028F
_T2PR                                         (abs)        0028D
_T2RST                                        (abs)        00291
_T2RSTbits                                    (abs)        00291
_T2TMR                                        (abs)        0028C
_TMR0H                                        (abs)        0001D
_TMR0L                                        (abs)        0001C
_TMR0_Initialize                              text45       012D0
_TMR1H                                        (abs)        0020D
_TMR1L                                        (abs)        0020C
_TMR1_1sCallback                              text89       012BA
_TMR1_DefaultGateInterruptHandler             text92       00003
_TMR1_DefaultInterruptHandler                 text90       007FF
_TMR1_GATE_ISR                                text91       01368
_TMR1_GateInterruptHandler                    nvBANK2      00164
_TMR1_ISR                                     text87       0144A
_TMR1_Initialize                              text43       015AA
_TMR1_InterruptHandler                        nvBANK2      00166
_TMR1_SetGateInterruptHandler                 text44       0126A
_TMR1_SetInterruptHandler                     text84       0124C
_TMR1_StartTimer                              text83       01222
_TMR1_WriteTimer                              text88       01377
_TMR2                                         (abs)        0028C
_TMR2_Initialize                              text42       0133E
_TRISA                                        (abs)        00011
_TRISAbits                                    (abs)        00011
_TRISB                                        (abs)        00012
_TRISC                                        (abs)        00013
_TRISCbits                                    (abs)        00013
_TRISD                                        (abs)        00014
_TRISE                                        (abs)        00015
_UI_Init                                      text19       00644
_UI_OnTick1s                                  text1        00A5D
_UI_OnTick1s$3296                             cstackBANK1  000CC
_WPUA                                         (abs)        00F39
_WPUB                                         (abs)        00F44
_WPUC                                         (abs)        00F4F
_WPUD                                         (abs)        00F5A
_WPUE                                         (abs)        00F65
_WriteI2C                                     text63       00852
__H__absolute__                               __absolute__ 00000
__Habs1                                       abs1         00000
__Hbank0                                      bank0        00000
__Hbank1                                      bank1        00000
__Hbank10                                     bank10       00000
__Hbank11                                     bank11       00000
__Hbank12                                     bank12       00000
__Hbank13                                     bank13       00000
__Hbank14                                     bank14       00000
__Hbank15                                     bank15       00000
__Hbank16                                     bank16       00000
__Hbank17                                     bank17       00000
__Hbank18                                     bank18       00000
__Hbank19                                     bank19       00000
__Hbank2                                      bank2        00000
__Hbank20                                     bank20       00000
__Hbank21                                     bank21       00000
__Hbank22                                     bank22       00000
__Hbank23                                     bank23       00000
__Hbank24                                     bank24       00000
__Hbank25                                     bank25       00000
__Hbank26                                     bank26       00000
__Hbank27                                     bank27       00000
__Hbank28                                     bank28       00000
__Hbank29                                     bank29       00000
__Hbank3                                      bank3        00000
__Hbank30                                     bank30       00000
__Hbank31                                     bank31       00000
__Hbank4                                      bank4        00000
__Hbank5                                      bank5        00000
__Hbank6                                      bank6        00000
__Hbank7                                      bank7        00000
__Hbank8                                      bank8        00000
__Hbank9                                      bank9        00000
__Hbigram                                     bigram       00000
__HbssBANK0                                   bssBANK0     00000
__HbssBANK1                                   bssBANK1     00000
__HbssBANK2                                   bssBANK2     00000
__HbssBANK3                                   bssBANK3     00000
__HbssCOMMON                                  bssCOMMON    00000
__Hcinit                                      cinit        00077
__Hclrtext                                    clrtext      00000
__Hcode                                       code         00000
__Hcommon                                     common       00000
__Hconfig                                     config       0800C
__HcstackBANK0                                cstackBANK0  00000
__HcstackBANK1                                cstackBANK1  00000
__HcstackBANK3                                cstackBANK3  00000
__HcstackCOMMON                               cstackCOMMON 00000
__HdataBANK1                                  dataBANK1    00000
__Heeprom_data                                eeprom_data  00000
__Hend_init                                   end_init     00042
__Hfunctab                                    functab      00000
__Hheap                                       heap         00000
__HidataBANK1                                 idataBANK1   00000
__Hidloc                                      idloc        08004
__Hinit                                       init         00040
__Hintentry                                   intentry     00040
__Hmaintext                                   maintext     00000
__HnvBANK2                                    nvBANK2      00000
__Hpowerup                                    powerup      00000
__Hram                                        ram          00000
__Hreset_vec                                  reset_vec    00002
__Hsfr0                                       sfr0         00000
__Hsfr1                                       sfr1         00000
__Hsfr10                                      sfr10        00000
__Hsfr11                                      sfr11        00000
__Hsfr12                                      sfr12        00000
__Hsfr13                                      sfr13        00000
__Hsfr14                                      sfr14        00000
__Hsfr15                                      sfr15        00000
__Hsfr16                                      sfr16        00000
__Hsfr17                                      sfr17        00000
__Hsfr18                                      sfr18        00000
__Hsfr19                                      sfr19        00000
__Hsfr2                                       sfr2         00000
__Hsfr20                                      sfr20        00000
__Hsfr21                                      sfr21        00000
__Hsfr22                                      sfr22        00000
__Hsfr23                                      sfr23        00000
__Hsfr24                                      sfr24        00000
__Hsfr25                                      sfr25        00000
__Hsfr26                                      sfr26        00000
__Hsfr27                                      sfr27        00000
__Hsfr28                                      sfr28        00000
__Hsfr29                                      sfr29        00000
__Hsfr3                                       sfr3         00000
__Hsfr30                                      sfr30        00000
__Hsfr31                                      sfr31        00000
__Hsfr4                                       sfr4         00000
__Hsfr5                                       sfr5         00000
__Hsfr6                                       sfr6         00000
__Hsfr7                                       sfr7         00000
__Hsfr8                                       sfr8         00000
__Hsfr9                                       sfr9         00000
__Hsivt                                       sivt         00040
__Hspace_0                                    (abs)        01847
__Hspace_1                                    (abs)        001C8
__Hspace_2                                    (abs)        00000
__Hspace_3                                    (abs)        00000
__Hspace_4                                    (abs)        10013
__Hstack                                      stack        00000
__Hstrings                                    strings      00000
__Hstringtext1                                stringtext1  00000
__Hstringtext2                                stringtext2  00000
__Hstringtext3                                stringtext3  00000
__Hstringtext4                                stringtext4  00000
__Htext                                       text         00000
__L__absolute__                               __absolute__ 00000
__Labs1                                       abs1         00000
__Lbank0                                      bank0        00000
__Lbank1                                      bank1        00000
__Lbank10                                     bank10       00000
__Lbank11                                     bank11       00000
__Lbank12                                     bank12       00000
__Lbank13                                     bank13       00000
__Lbank14                                     bank14       00000
__Lbank15                                     bank15       00000
__Lbank16                                     bank16       00000
__Lbank17                                     bank17       00000
__Lbank18                                     bank18       00000
__Lbank19                                     bank19       00000
__Lbank2                                      bank2        00000
__Lbank20                                     bank20       00000
__Lbank21                                     bank21       00000
__Lbank22                                     bank22       00000
__Lbank23                                     bank23       00000
__Lbank24                                     bank24       00000
__Lbank25                                     bank25       00000
__Lbank26                                     bank26       00000
__Lbank27                                     bank27       00000
__Lbank28                                     bank28       00000
__Lbank29                                     bank29       00000
__Lbank3                                      bank3        00000
__Lbank30                                     bank30       00000
__Lbank31                                     bank31       00000
__Lbank4                                      bank4        00000
__Lbank5                                      bank5        00000
__Lbank6                                      bank6        00000
__Lbank7                                      bank7        00000
__Lbank8                                      bank8        00000
__Lbank9                                      bank9        00000
__Lbigram                                     bigram       00000
__LbssBANK0                                   bssBANK0     00000
__LbssBANK1                                   bssBANK1     00000
__LbssBANK2                                   bssBANK2     00000
__LbssBANK3                                   bssBANK3     00000
__LbssCOMMON                                  bssCOMMON    00000
__Lcinit                                      cinit        00042
__Lclrtext                                    clrtext      00000
__Lcode                                       code         00000
__Lcommon                                     common       00000
__Lconfig                                     config       00000
__LcstackBANK0                                cstackBANK0  00000
__LcstackBANK1                                cstackBANK1  00000
__LcstackBANK3                                cstackBANK3  00000
__LcstackCOMMON                               cstackCOMMON 00000
__LdataBANK1                                  dataBANK1    00000
__Leeprom_data                                eeprom_data  00000
__Lend_init                                   end_init     00040
__Lfunctab                                    functab      00000
__Lheap                                       heap         00000
__LidataBANK1                                 idataBANK1   00000
__Lidloc                                      idloc        00000
__Linit                                       init         00040
__Lintentry                                   intentry     00004
__Lmaintext                                   maintext     00000
__LnvBANK2                                    nvBANK2      00000
__Lpowerup                                    powerup      00000
__Lram                                        ram          00000
__Lreset_vec                                  reset_vec    00000
__Lsfr0                                       sfr0         00000
__Lsfr1                                       sfr1         00000
__Lsfr10                                      sfr10        00000
__Lsfr11                                      sfr11        00000
__Lsfr12                                      sfr12        00000
__Lsfr13                                      sfr13        00000
__Lsfr14                                      sfr14        00000
__Lsfr15                                      sfr15        00000
__Lsfr16                                      sfr16        00000
__Lsfr17                                      sfr17        00000
__Lsfr18                                      sfr18        00000
__Lsfr19                                      sfr19        00000
__Lsfr2                                       sfr2         00000
__Lsfr20                                      sfr20        00000
__Lsfr21                                      sfr21        00000
__Lsfr22                                      sfr22        00000
__Lsfr23                                      sfr23        00000
__Lsfr24                                      sfr24        00000
__Lsfr25                                      sfr25        00000
__Lsfr26                                      sfr26        00000
__Lsfr27                                      sfr27        00000
__Lsfr28                                      sfr28        00000
__Lsfr29                                      sfr29        00000
__Lsfr3                                       sfr3         00000
__Lsfr30                                      sfr30        00000
__Lsfr31                                      sfr31        00000
__Lsfr4                                       sfr4         00000
__Lsfr5                                       sfr5         00000
__Lsfr6                                       sfr6         00000
__Lsfr7                                       sfr7         00000
__Lsfr8                                       sfr8         00000
__Lsfr9                                       sfr9         00000
__Lsivt                                       sivt         00040
__Lspace_0                                    (abs)        00000
__Lspace_1                                    (abs)        00000
__Lspace_2                                    (abs)        00000
__Lspace_3                                    (abs)        00000
__Lspace_4                                    (abs)        00000
__Lstack                                      stack        00000
__Lstrings                                    strings      00000
__Lstringtext1                                stringtext1  00000
__Lstringtext2                                stringtext2  00000
__Lstringtext3                                stringtext3  00000
__Lstringtext4                                stringtext4  00000
__Ltext                                       text         00000
__S0                                          (abs)        01847
__S1                                          (abs)        001C8
__S3                                          (abs)        00000
___awdiv                                      text23       00947
___awdiv@counter                              cstackBANK0  00024
___awdiv@dividend                             cstackBANK0  00022
___awdiv@divisor                              cstackBANK0  00020
___awdiv@quotient                             cstackBANK0  00026
___awdiv@sign                                 cstackBANK0  00025
___awmod                                      text71       0089D
___awmod@counter                              cstackCOMMON 00076
___awmod@dividend                             cstackCOMMON 00074
___awmod@divisor                              cstackCOMMON 00072
___awmod@sign                                 cstackCOMMON 00077
___bmul                                       text73       013BD
___bmul@multiplicand                          cstackCOMMON 00072
[...]
__ptext41                                     text41       01585
__ptext42                                     text42       0133E
__ptext43                                     text43       015AA
__ptext44                                     text44       0126A
__ptext45                                     text45       012D0
__ptext46                                     text46       012F3
__ptext47                                     text47       012E7
__ptext48                                     text48       01283
__ptext49                                     text49       009FF
__ptext5                                      text5        00F36
__ptext50                                     text50       01264
__ptext51                                     text51       01294
__ptext52                                     text52       012B0
__ptext53                                     text53       01331
__ptext54                                     text54       0125E
__ptext55                                     text55       01235
__ptext56                                     text56       01461
__ptext57                                     text57       01258
__ptext58                                     text58       01252
__ptext59                                     text59       0122C
__ptext6                                      text6        00B95
__ptext60                                     text60       01228
__ptext61                                     text61       012DB
__ptext62                                     text62       0053B
__ptext63                                     text63       00852
__ptext64                                     text64       01491
__ptext65                                     text65       013E3
__ptext66                                     text66       013AB
__ptext67                                     text67       00B24
__ptext68                                     text68       00C85
__ptext69                                     text69       01324
__ptext7                                      text7        017B8
__ptext70                                     text70       0041B
__ptext71                                     text71       0089D
__ptext72                                     text72       00D0E
__ptext73                                     text73       013BD
__ptext74                                     text74       01678
__ptext75                                     text75       01733
__ptext76                                     text76       016F1
__ptext77                                     text77       01230
__ptext78                                     text78       01606
__ptext79                                     text79       0134B
__ptext8                                      text8        01561
__ptext80                                     text80       014C6
__ptext81                                     text81       012A6
__ptext82                                     text82       01399
__ptext83                                     text83       01222
__ptext84                                     text84       0124C
__ptext85                                     text85       012C5
__ptext87                                     text87       0144A
__ptext88                                     text88       01377
__ptext89                                     text89       012BA
__ptext9                                      text9        008EE
__ptext90                                     text90       007FF
__ptext91                                     text91       01368
__ptext92                                     text92       00003
__ptext93                                     text93       0128B
__ptext94                                     text94       01359
__ptext95                                     text95       00002
__ptext96                                     text96       01246
__ptext97                                     text97       01240
__ptext98                                     text98       01317
__ptext99                                     text99       01221
_alarmFlagC                                   bssBANK1     000E0
_alarmFlagL                                   bssBANK1     000DE
_alarmFlagT                                   bssBANK1     000DF
_alarmsEnabled                                bssBANK1     000E1
_cfg_next                                     text76       016F1
_dbuf                                         bssBANK3     001A0
_field                                        bssBANK0     0006E
_fill16                                       text24       01435
_flags                                        bssBANK1     000D8
_fputc                                        text9        008EE
_fputs                                        text8        01561
_hh                                           bssBANK0     0006D
_i2c1_fsmStateTable                           stringtext1  01800
_light                                        bssCOMMON    0007A
_main                                         maintext     00E70
_mm                                           bssBANK0     0006C
_mode                                         bssBANK0     0006F
_pad                                          text7        017B8
_pmon                                         dataBANK1    000E9
_prec                                         bssBANK2     00143
_prevClockCond                                bssBANK2     0014B
_prevLumCond                                  bssBANK2     0014C
_prevTempCond                                 bssBANK2     0014D
_put2                                         text22       016B3
_putch                                        text10       007FE
_pwm_seconds_left                             bssBANK1     000D9
_rd1RegCompleteHandler                        (abs)        00000
_rd2RegCompleteHandler                        (abs)        00000
_rdBlkRegCompleteHandler                      (abs)        00000
_readLuminosityLevel                          text65       013E3
_readTC74                                     text62       0053B
_read_prec_or_width                           text13       009A3
_record_index                                 bssBANK1     000DD
_record_type                                  bssBANK1     000E2
_records                                      bssBANK2     0014E
_s_seconds                                    bssBANK2     0013D
_s_tick1s                                     bssBANK1     000E3
_set_defaults                                 text20       00AC0
_sprintf                                      text3        01502
_ss                                           bssBANK0     0006B
_tala                                         dataBANK1    000E8
_temp                                         bssCOMMON    0007B
_thrHour                                      dataBANK1    000E6
_thrLum                                       dataBANK1    000E4
_thrMinute                                    bssBANK1     000DB
_thrSecond                                    bssBANK1     000DC
_thrTemp                                      dataBANK1    000E5
_time_inactive                                bssBANK1     000DA
_timer1ReloadVal                              bssBANK1     000D6
_tina                                         dataBANK1    000E7
_utoa                                         text6        00B95
_vfpfcnvrt                                    text5        00F36
_vfprintf                                     text4        014E4
_width                                        bssBANK2     00141
_wr1RegCompleteHandler                        (abs)        00000
_wr2RegCompleteHandler                        (abs)        00000
btemp                                         (abs)        0007E
btemp0                                        (abs)        0007E
btemp1                                        (abs)        0007F
cfg_next@f                                    cstackCOMMON 00074
clear_ram0                                    clrtext      01270
end_of_initialization                         cinit        00073
fill16@i                                      cstackCOMMON 00073
fill16@s                                      cstackCOMMON 00072
fputc@c                                       cstackCOMMON 00072
fputc@fp                                      cstackCOMMON 00074
fputs@c                                       cstackBANK0  00028
fputs@fp                                      cstackBANK0  00026
fputs@i                                       cstackBANK0  00029
fputs@s                                       cstackBANK0  00025
int$flags                                     (abs)        0007E
intlevel0                                     functab      00000
intlevel1                                     functab      00000
intlevel2                                     functab      00000
intlevel3                                     functab      00000
intlevel4                                     functab      00000
intlevel5                                     functab      00000
ltemp0a                                       (abs)        00080
main@last_update                              cstackBANK3  001C4
main@now                                      cstackBANK3  001C0
pad@buf                                       cstackBANK0  0002D
pad@fp                                        cstackBANK0  0002B
pad@i                                         cstackBANK0  00030
pad@p                                         cstackBANK0  0002E
put2@leftdigit                                cstackBANK0  0002A
put2@p                                        cstackBANK0  00028
put2@rightdigit                               cstackBANK0  0002B
put2@v                                        cstackBANK0  00029
readLuminosityLevel@level                     cstackCOMMON 00077
readLuminosityLevel@raw                       cstackCOMMON 00075
readTC74@value                                cstackCOMMON 00075
read_prec_or_width@ap                         cstackCOMMON 00079
read_prec_or_width@c                          cstackBANK0  00023
read_prec_or_width@fmt                        cstackCOMMON 00078
read_prec_or_width@n                          cstackBANK0  00024
reset_vec                                     reset_vec    00000
sprintf@ap                                    cstackBANK0  0005F
sprintf@f                                     cstackBANK0  00060
sprintf@fmt                                   cstackBANK0  00053
sprintf@s                                     cstackBANK0  00052
start                                         init         00040
start_initialization                          cinit        00042
ttemp0a                                       (abs)        0007F
utoa@d                                        cstackBANK0  00034
utoa@fp                                       cstackBANK0  00032
utoa@i                                        cstackBANK0  00039
utoa@p                                        cstackBANK0  00036
utoa@w                                        cstackBANK0  00037
vfpfcnvrt@ap                                  cstackBANK0  0003E
vfpfcnvrt@convarg                             cstackBANK0  00043
vfpfcnvrt@cp                                  cstackBANK0  00048
vfpfcnvrt@done                                cstackBANK0  00047
vfpfcnvrt@fmt                                 cstackBANK0  0003D
vfpfcnvrt@fp                                  cstackBANK0  0003B
vfprintf@ap                                   cstackBANK0  0004E
vfprintf@cfmt                                 cstackBANK0  00050
vfprintf@fmt                                  cstackBANK0  0004C
vfprintf@fp                                   cstackBANK0  0004A
wtemp0                                        (abs)        0007E
wtemp0a                                       (abs)        0007F


MODULE INFORMATION

Module		Function		Class		Link	Load	Size
ui/ui.c
		_S1_Callback   		CODE           	123A	0000	6
		_S2_Callback   		CODE           	1246	0000	6
		_put2          		CODE           	16B3	0000	62
		_cfg_next      		CODE           	16F1	0000	66
		_CompareReading		CODE           	0B24	0000	113
		_ClearRecords  		CODE           	0D0E	0000	177
		_RenderConfig  		CODE           	01BB	0000	312
		_Clock_Tick1s  		CODE           	1606	0000	56
		_S1_check      		CODE           	1252	0000	6
		_fill16        		CODE           	1435	0000	21
		_S2_check      		CODE           	1258	0000	6
		_SaveRecord_EEPROM		CODE           	0C85	0000	137
		_PWM6_Stop     		CODE           	129D	0000	9
		_PWM6_Start    		CODE           	1225	0000	3
		_Alarm_BeepStart		CODE           	13F7	0000	20
		_UI_OnTick1s   		CODE           	0A5D	0000	99
		_OnS1Pressed   		CODE           	1733	0000	66
		_readTC74      		CODE           	053B	0000	265
		_RenderRecords 		CODE           	02F3	0000	296
		_ReadSensors   		CODE           	12DB	0000	12
		_ClearAlarmFlags		CODE           	1230	0000	5
		_OnS2Pressed   		CODE           	041B	0000	288
		_Reset_flag_S1 		CODE           	1228	0000	4
		_Reset_flag_S2 		CODE           	122C	0000	4
		_readLuminosityLevel		CODE           	13E3	0000	20
		_UI_Init       		CODE           	0644	0000	236
		_RenderNormal  		CODE           	0730	0000	206
		_set_defaults  		CODE           	0AC0	0000	100
		_Alarm_BeepTick1s		CODE           	1388	0000	17

ui/ui.c estimated size: 2618

mcc_generated_files/pwm6.c
		_PWM6_LoadDutyValue		CODE           	140B	0000	21
		_PWM6_Initialize		CODE           	12E7	0000	12

mcc_generated_files/pwm6.c estimated size: 33

/opt/microchip/xc8/v3.10/pic/sources/c99/common/nf_fputc.c
		_fputc         		CODE           	08EE	0000	89

/opt/microchip/xc8/v3.10/pic/sources/c99/common/nf_fputc.c estimated size: 89

mcc_generated_files/i2c1_master.c
		_I2C1_Initialize		CODE           	12B0	0000	10

mcc_generated_files/i2c1_master.c estimated size: 10

mcc_generated_files/tmr2.c
		_TMR2_Initialize		CODE           	133E	0000	13

mcc_generated_files/tmr2.c estimated size: 13

mcc_generated_files/interrupt_manager.c
		_INTERRUPT_InterruptManager		CODE           	0004	0000	60

mcc_generated_files/interrupt_manager.c estimated size: 60

EEPROM/EEPROM.c
		_EEPROM_ReadConfig		CODE           	130B	0000	12
		_EEPROM_ReadRecord		CODE           	0808	0000	74
		_EEPROM_ReadHeader		CODE           	153F	0000	34
		_EEPROM_WriteConfig		CODE           	134B	0000	14
		_EEPROM_WriteRecord		CODE           	1678	0000	59
		_EEPROM_WriteHeader		CODE           	14AB	0000	27

EEPROM/EEPROM.c estimated size: 220

mcc_generated_files/tmr0.c
		_TMR0_Initialize		CODE           	12D0	0000	11

mcc_generated_files/tmr0.c estimated size: 11

/opt/microchip/xc8/v3.10/pic/sources/c99/common/nf_sprintf.c
		_sprintf       		CODE           	1502	0000	30

/opt/microchip/xc8/v3.10/pic/sources/c99/common/nf_sprintf.c estimated size: 30

/opt/microchip/xc8/v3.10/pic/sources/c99/common/lwmod.c
		___lwmod       		CODE           	15D4	0000	50

/opt/microchip/xc8/v3.10/pic/sources/c99/common/lwmod.c estimated size: 50

/opt/microchip/xc8/v3.10/pic/sources/c99/common/awmod.c
		___awmod       		CODE           	089D	0000	81

/opt/microchip/xc8/v3.10/pic/sources/c99/common/awmod.c estimated size: 81

mcc_generated_files/pin_manager.c
		_PIN_MANAGER_Initialize		CODE           	09FF	0000	94
		_IOCCF5_SetInterruptHandler		CODE           	1264	0000	6
		_PIN_MANAGER_IOC		CODE           	128B	0000	9
		_IOCCF5_DefaultInterruptHandler		CODE           	0002	0000	1
		_IOCCF5_ISR    		CODE           	1359	0000	15

mcc_generated_files/pin_manager.c estimated size: 125

/opt/microchip/xc8/v3.10/pic/sources/c99/common/putch.c
		_putch         		CODE           	07FE	0000	1

/opt/microchip/xc8/v3.10/pic/sources/c99/common/putch.c estimated size: 1

Clock/clock.c
		_TMR1_1sCallback		CODE           	12BA	0000	11
		_AppClock_ConsumeTick1s		CODE           	12C5	0000	11
		_AppClock_Init 		CODE           	1399	0000	18
		_AppClock_Seconds		CODE           	12A6	0000	10

Clock/clock.c estimated size: 50

I2C/i2c.c
		_ReadI2C       		CODE           	1491	0000	26
		_WriteI2C      		CODE           	0852	0000	75
		_OpenI2C       		CODE           	1324	0000	13

I2C/i2c.c estimated size: 114

/opt/microchip/xc8/v3.10/pic/sources/c99/common/doprnt.c
		_read_prec_or_width		CODE           	09A3	0000	92
		_vfpfcnvrt     		CODE           	0F36	0000	202
		_pad           		CODE           	17B8	0000	72
		_vfprintf      		CODE           	14E4	0000	30
		_utoa          		CODE           	0B95	0000	116

/opt/microchip/xc8/v3.10/pic/sources/c99/common/doprnt.c estimated size: 512

mcc_generated_files/clkref.c
		_CLKREF_Initialize		CODE           	1235	0000	5

mcc_generated_files/clkref.c estimated size: 5

LCD/lcd.c
		_LCDinit       		CODE           	0C09	0000	124
		_LCDsend       		CODE           	1775	0000	67
		_LCDsend2x4    		CODE           	0DBF	0000	177
		_LCDstr        		CODE           	1478	0000	25
		_LCDchar       		CODE           	0800	0000	8
		_LCDpos        		CODE           	1420	0000	21
		_LCDbusy       		CODE           	13D0	0000	19
		_LCDrecv       		CODE           	0077	0000	324
		_LCDcmd        		CODE           	127C	0000	7

LCD/lcd.c estimated size: 772

/opt/microchip/xc8/v3.10/pic/sources/c99/common/Umul16.c
		___wmul        		CODE           	1520	0000	31

/opt/microchip/xc8/v3.10/pic/sources/c99/common/Umul16.c estimated size: 31

mcc_generated_files/ext_int.c
		_INT_DefaultInterruptHandler		CODE           	1221	0000	1
		_EXT_INT_Initialize		CODE           	1331	0000	13
		_INT_SetInterruptHandler		CODE           	125E	0000	6
		_INT_CallBack  		CODE           	1317	0000	13
		_INT_ISR       		CODE           	1240	0000	6

mcc_generated_files/ext_int.c estimated size: 39

shared
		__initialization		CODE           	0042	0000	49
		_i2c1_fsmStateTable		STRCODE        	1800	0000	32

shared estimated size: 81

/opt/microchip/xc8/v3.10/pic/sources/c99/common/lwdiv.c
		___lwdiv       		CODE           	163E	0000	58

/opt/microchip/xc8/v3.10/pic/sources/c99/common/lwdiv.c estimated size: 58

mcc_generated_files/smt1.c
		_SMT1_Initialize		CODE           	12F3	0000	12

mcc_generated_files/smt1.c estimated size: 12

/opt/microchip/xc8/v3.10/pic/sources/c99/common/awdiv.c
		___awdiv       		CODE           	0947	0000	92

/opt/microchip/xc8/v3.10/pic/sources/c99/common/awdiv.c estimated size: 92

mcc_generated_files/mcc.c
		_PMD_Initialize		CODE           	1283	0000	8
		_OSCILLATOR_Initialize		CODE           	1294	0000	9
		_SYSTEM_Initialize		CODE           	1585	0000	37

mcc_generated_files/mcc.c estimated size: 54

/opt/microchip/xc8/v3.10/pic/sources/c99/common/nf_fputs.c
		_fputs         		CODE           	1561	0000	36

/opt/microchip/xc8/v3.10/pic/sources/c99/common/nf_fputs.c estimated size: 36

mcc_generated_files/tmr1.c
		_TMR1_Initialize		CODE           	15AA	0000	42
		_TMR1_SetInterruptHandler		CODE           	124C	0000	6
		_TMR1_DefaultInterruptHandler		CODE           	07FF	0000	1
		_TMR1_WriteTimer		CODE           	1377	0000	17
		_TMR1_StartTimer		CODE           	1222	0000	3
		_TMR1_SetGateInterruptHandler		CODE           	126A	0000	6
		_TMR1_ISR      		CODE           	144A	0000	23
		_TMR1_GATE_ISR 		CODE           	1368	0000	15
		_TMR1_DefaultGateInterruptHandler		CODE           	0003	0000	1

mcc_generated_files/tmr1.c estimated size: 114

/opt/microchip/xc8/v3.10/pic/sources/c99/common/Umul8.c
		___bmul        		CODE           	13BD	0000	19

/opt/microchip/xc8/v3.10/pic/sources/c99/common/Umul8.c estimated size: 19

mcc_generated_files/memory.c
		_DATAEE_WriteByte		CODE           	14C6	0000	30
		_DATAEE_ReadByte		CODE           	12FF	0000	12

mcc_generated_files/memory.c estimated size: 42

mcc_generated_files/adcc.c
		_ADCC_GetSingleConversion		CODE           	13AB	0000	18
		_ADCC_Initialize		CODE           	1461	0000	23

mcc_generated_files/adcc.c estimated size: 41

main.c
		_main          		CODE           	0E70	0000	198

main.c estimated size: 198

