Microchip MPLAB XC8 Compiler V3.10

Linker command line:

-W-3 --edf=/opt/microchip/xc8/v3.10/pic/dat/20250813170317_en.msgs -cn \
  -h+dist/default/production/tstTC74LCD.X.production.sym \
  --cmf=dist/default/production/tstTC74LCD.X.production.cmf -z -Q16F18875 \
  -o/tmp/xcXaoJNFi/driver_tmp_3.o --defsym=__MPLAB_BUILD=1 \
  --fixupoverflow=error \
  -Mdist/default/production/tstTC74LCD.X.production.map \
  --md=/tmp/xcXaoJNFi/driver_tmp_0.dat -E1 -ver=XC8 Compiler \
  -ACODE=00h-07FFhx4 -ASTRCODE=00h-01FFFh -ASTRING=00h-0FFhx32 \
  -ACONST=00h-0FFhx32 -AENTRY=00h-0FFhx32 -ACOMMON=070h-07Fh \
  -ABANK0=020h-06Fh -ABANK1=0A0h-0EFh -ABANK2=0120h-016Fh \
  -ABANK3=01A0h-01EFh -ABANK4=0220h-026Fh -ABANK5=02A0h-02EFh \
  -ABANK6=0320h-036Fh -ABANK7=03A0h-03EFh -ABANK8=0420h-046Fh \
  -ABANK9=04A0h-04EFh -ABANK10=0520h-056Fh -ABANK11=05A0h-05EFh \
  -ABANK12=0620h-064Fh -ABIGRAM=02000h-023EFh \
  -ARAM=020h-06Fh,0A0h-0EFh,0120h-016Fh,01A0h-01EFh,0220h-026Fh,02A0h-02EFh,0320h-036Fh,03A0h-03EFh,0420h-046Fh,04A0h-04EFh,0520h-056Fh,05A0h-05EFh,0620h-064Fh \
  -AABS1=020h-07Fh,0A0h-0EFh,0120h-016Fh,01A0h-01EFh,0220h-026Fh,02A0h-02EFh,0320h-036Fh,03A0h-03EFh,0420h-046Fh,04A0h-04EFh,0520h-056Fh,05A0h-05EFh,0620h-064Fh \
  -ASFR0=00h-01Fh -ASFR1=080h-09Fh -ASFR2=0100h-011Fh -ASFR3=0180h-019Fh \
  -ASFR4=0200h-021Fh -ASFR5=0280h-029Fh -ASFR6=0300h-031Fh \
  -ASFR7=0380h-039Fh -ASFR8=0400h-041Fh -ASFR9=0480h-049Fh \
  -ASFR10=0500h-051Fh -ASFR11=0580h-059Fh -ASFR12=0600h-061Fh \
  -ASFR13=0680h-06EFh -ASFR14=0700h-076Fh -ASFR15=0780h-07EFh \
  -ASFR16=0800h-086Fh -ASFR17=0880h-08EFh -ASFR18=0900h-096Fh \
  -ASFR19=0980h-09EFh -ASFR20=0A00h-0A6Fh -ASFR21=0A80h-0AEFh \
  -ASFR22=0B00h-0B6Fh -ASFR23=0B80h-0BEFh -ASFR24=0C00h-0C6Fh \
  -ASFR25=0C80h-0CEFh -ASFR26=0D00h-0D6Fh -ASFR27=0D80h-0DEFh \
  -ASFR28=0E00h-0E6Fh -ASFR29=0E80h-0EEFh -ASFR30=0F00h-0F6Fh \
  -ASFR31=0F80h-0FEFh -ACONFIG=08007h-0800Bh -DCONFIG=2 \
  -AIDLOC=08000h-08003h -DIDLOC=2 -AEEDATA=00h-0FFh/0F000h \
  -peeprom_data=EEDATA -DEEDATA=2 -DCODE=2 -DSTRCODE=2 -DSTRING=2 -DCONST=2 \
  -DENTRY=2 -preset_vec=00h,intentry=04h,sivt,init,end_init -ppowerup=CODE \
  -pcinit=CODE -pfunctab=ENTRY -k /tmp/xcXaoJNFi/driver_tmp_15.o \
  dist/default/production/tstTC74LCD.X.production.o 

Object code version is 3.11

Machine type is 16F18875



                Name                               Link     Load   Length Selector   Space Scale
/tmp/xcXaoJNFi/driver_tmp_15.o
                end_init                             40       40        2        8       0
                reset_vec                             0        0        2        0       0
                config                             8007     8007        5        0       4
                idloc                              8000     8000        4        0       5
dist/default/production/tstTC74LCD.X.production.o
                cinit                                42       42       27        8       0
                intentry                              4        4       3C        8       0
                config                             8007     8007        5        0       4
                idloc                              8000     8000        4        0       5
                text90                             14AD     14AD        6     295A       0
                text89                             1493     1493        1     2926       0
                text88                             1572     1572        D     2AE4       0
                text87                             14B3     14B3        6     2966       0
                text86                             14B9     14B9        6     2972       0
                text85                             1494     1494        1     2928       0
                text84                             15B4     15B4        F     2B68       0
                text83                             14FF     14FF        9     29FE       0
                text82                                2        2        1        0       0
                text81                             15C3     15C3        F     2B86       0
                text80                                3        3        1        6       0
                text79                             151A     151A        A     2A34       0
                text78                             15D2     15D2       11     2BA4       0
                text77                             16B8     16B8       17     2D70       0
                text75                             1538     1538        B     2A70       0
                text74                             14BF     14BF        6     297E       0
                text73                             1495     1495        3     292A       0
                text72                             15F4     15F4       12     2BE8       0
                text71                             1524     1524        A     2A48       0
                text70                             1759     1759       23     2EB2       0
                text69                              B76      B76       62     16EC       0
                text68                             1618     1618       13     2C30       0
                text67                              807      807       3B     100E       0
                text66                             14A3     14A3        5     2946       0
                text65                              8F9      8F9       42     11F2       0
                text64                              87D      87D       3E     10FA       0
                text63                              842      842       3B     1084       0
                text62                             162B     162B       13     2C56       0
                text61                              DA9      DA9       B1     1B52       0
                text60                              A0E      A0E       51     141C       0
                text59                              2E9      2E9      124        8       0
                text58                             157F     157F        D     2AFE       0
                text57                              D23      D23       86     1A46       0
                text56                              ABB      ABB       5D     1576       0
                text55                             1606     1606       12     2C0C       0
                text54                             1651     1651       14     2CA2       0
                text53                             16FF     16FF       1A     2DFE       0
                text52                              9C3      9C3       4B     1386       0
                text51                              63A      63A      109        8       0
                text50                             15A6     15A6        E     2B4C       0
                text49                             149B     149B        4     2936       0
                text48                             149F     149F        4     293E       0
                text47                             14C5     14C5        6     298A       0
                text46                             14CB     14CB        6     2996       0
                text45                             16CF     16CF       17     2D9E       0
                text44                             14A8     14A8        5     2950       0
                text43                             14D1     14D1        6     29A2       0
                text42                             158C     158C        D     2B18       0
                text41                             152E     152E        A     2A5C       0
                text40                             1508     1508        9     2A10       0
                text39                             14D7     14D7        6     29AE       0
                text38                              B18      B18       5E     1630       0
                text37                             14EF     14EF        8     29DE       0
                text36                             154E     154E        C     2A9C       0
                text35                             155A     155A        C     2AB4       0
                text34                             1543     1543        B     2A86       0
                text33                             14DD     14DD        6     29BA       0
                text32                             17A1     17A1       2A     2F42       0
                text31                             1599     1599        D     2B32       0
                text30                             177C     177C       25     2EF8       0
                text29                             1566     1566        C     2ACC       0
                text28                             1737     1737       22     2E6E       0
                text27                              97E      97E       45     12FC       0
                text26                              93B      93B       43     1276       0
                text25                              743      743       B1        8       0
                text24                              CA7      CA7       7C     194E       0
                text23                             1679     1679       15     2CF2       0
                text22                             1511     1511        9     2A22       0
                text21                               69       69      144        8       0
                text20                             163E     163E       13     2C7C       0
                text19                              800      800        7        8       0
                text18                             168E     168E       15     2D1C       0
                text17                             14F7     14F7        8     29EE       0
                text16                             16E6     16E6       19     2DCC       0
                text15                             16A3     16A3       15     2D46       0
                text14                              A5F      A5F       5C     14BE       0
                text13                              8BB      8BB       3E     1176       0
                text12                              F2C      F2C       D4     1E58       0
                text11                              7F4      7F4        C        8       0
                text10                             1719     1719       1E     2E32       0
                text9                              17CB     17CB       35     2F96       0
                text8                               C3C      C3C       6B     1878       0
                text7                               40D      40D      121        8       0
                text6                              1498     1498        3     2930       0
                text5                              1665     1665       14     2CCA       0
                text4                              15E3     15E3       11     2BC6       0
                text3                               1AD      1AD      13C        8       0
                text2                               52E      52E      10C        8       0
                text1                               BD8      BD8       64     17B0       0
                maintext                            E5A      E5A       D2     1CB4       0
                cstackBANK0                          20       20       4A       20       1
                cstackCOMMON                         70       70        A       70       1
                cstackBANK1                          DB       DB        8       A0       1
                clrtext                            14E3     14E3        6     29C6       0
                bssBANK2                            120      120       1D      120       1
                dataBANK1                            E3       E3        6       A0       1
                bssBANK1                             A0       A0       33       A0       1
                bssCOMMON                            7A       7A        2       70       1
                stringtext2                        1820     1820        E     3000       0
                nvBANK1                              D3       D3        8       A0       1
                stringtext1                        1800     1800       20     3000       0
                idataBANK1                         14E9     14E9        6     29D2       0

TOTAL           Name                               Link     Load   Length     Space
        CLASS   CODE           
                end_init                             40       40        2         0
                cinit                                42       42       27         0
                intentry                              4        4       3C         0
                reset_vec                             0        0        2         0
                text90                             14AD     14AD        6         0
                text89                             1493     1493        1         0
                text88                             1572     1572        D         0
                text87                             14B3     14B3        6         0
                text86                             14B9     14B9        6         0
                text85                             1494     1494        1         0
                text84                             15B4     15B4        F         0
                text83                             14FF     14FF        9         0
                text82                                2        2        1         0
                text81                             15C3     15C3        F         0
                text80                                3        3        1         0
                text79                             151A     151A        A         0
                text78                             15D2     15D2       11         0
                text77                             16B8     16B8       17         0
                text75                             1538     1538        B         0
                text74                             14BF     14BF        6         0
                text73                             1495     1495        3         0
                text72                             15F4     15F4       12         0
                text71                             1524     1524        A         0
                text70                             1759     1759       23         0
                text69                              B76      B76       62         0
                text68                             1618     1618       13         0
                text67                              807      807       3B         0
                text66                             14A3     14A3        5         0
                text65                              8F9      8F9       42         0
                text64                              87D      87D       3E         0
                text63                              842      842       3B         0
                text62                             162B     162B       13         0
                text61                              DA9      DA9       B1         0
                text60                              A0E      A0E       51         0
                text59                              2E9      2E9      124         0
                text58                             157F     157F        D         0
                text57                              D23      D23       86         0
                text56                              ABB      ABB       5D         0
                text55                             1606     1606       12         0
                text54                             1651     1651       14         0
                text53                             16FF     16FF       1A         0
                text52                              9C3      9C3       4B         0
                text51                              63A      63A      109         0
                text50                             15A6     15A6        E         0
                text49                             149B     149B        4         0
                text48                             149F     149F        4         0
                text47                             14C5     14C5        6         0
                text46                             14CB     14CB        6         0
                text45                             16CF     16CF       17         0
                text44                             14A8     14A8        5         0
                text43                             14D1     14D1        6         0
                text42                             158C     158C        D         0
                text41                             152E     152E        A         0
                text40                             1508     1508        9         0
                text39                             14D7     14D7        6         0
                text38                              B18      B18       5E         0
                text37                             14EF     14EF        8         0
                text36                             154E     154E        C         0
                text35                             155A     155A        C         0
                text34                             1543     1543        B         0
                text33                             14DD     14DD        6         0
                text32                             17A1     17A1       2A         0
                text31                             1599     1599        D         0
                text30                             177C     177C       25         0
                text29                             1566     1566        C         0
                text28                             1737     1737       22         0
                text27                              97E      97E       45         0
                text26                              93B      93B       43         0
                text25                              743      743       B1         0
                text24                              CA7      CA7       7C         0
                text23                             1679     1679       15         0
                text22                             1511     1511        9         0
                text21                               69       69      144         0
                text20                             163E     163E       13         0
                text19                              800      800        7         0
                text18                             168E     168E       15         0
                text17                             14F7     14F7        8         0
                text16                             16E6     16E6       19         0
                text15                             16A3     16A3       15         0
                text14                              A5F      A5F       5C         0
                text13                              8BB      8BB       3E         0
                text12                              F2C      F2C       D4         0
                text11                              7F4      7F4        C         0
                text10                             1719     1719       1E         0
                text9                              17CB     17CB       35         0
                text8                               C3C      C3C       6B         0
                text7                               40D      40D      121         0
                text6                              1498     1498        3         0
                text5                              1665     1665       14         0
                text4                              15E3     15E3       11         0
                text3                               1AD      1AD      13C         0
                text2                               52E      52E      10C         0
                text1                               BD8      BD8       64         0
                maintext                            E5A      E5A       D2         0
                clrtext                            14E3     14E3        6         0
                idataBANK1                         14E9     14E9        6         0

        CLASS   STRCODE        
                stringtext2                        1820     1820        E         0
                stringtext1                        1800     1800       20         0

        CLASS   STRING         

        CLASS   CONST          

        CLASS   ENTRY          

        CLASS   COMMON         
                cstackCOMMON                         70       70        A         1
                bssCOMMON                            7A       7A        2         1

        CLASS   BANK0          
                cstackBANK0                          20       20       4A         1

        CLASS   BANK1          
                cstackBANK1                          DB       DB        8         1
                dataBANK1                            E3       E3        6         1
                bssBANK1                             A0       A0       33         1
                nvBANK1                              D3       D3        8         1

        CLASS   BANK2          
                bssBANK2                            120      120       1D         1

        CLASS   BANK3          

        CLASS   BANK4          

        CLASS   BANK5          

        CLASS   BANK6          

        CLASS   BANK7          

        CLASS   BANK8          

        CLASS   BANK9          

        CLASS   BANK10         

        CLASS   BANK11         

        CLASS   BANK12         

        CLASS   BIGRAM         

        CLASS   RAM            

        CLASS   ABS1           
                abs_s1                               7E       7E        2         1

        CLASS   SFR0           

        CLASS   SFR1           

        CLASS   SFR2           

        CLASS   SFR3           

        CLASS   SFR4           

        CLASS   SFR5           

        CLASS   SFR6           

        CLASS   SFR7           

        CLASS   SFR8           

        CLASS   SFR9           

        CLASS   SFR10          

        CLASS   SFR11          

        CLASS   SFR12          

        CLASS   SFR13          

        CLASS   SFR14          

        CLASS   SFR15          

        CLASS   SFR16          

        CLASS   SFR17          

        CLASS   SFR18          

        CLASS   SFR19          

        CLASS   SFR20          

        CLASS   SFR21          

        CLASS   SFR22          

        CLASS   SFR23          

        CLASS   SFR24          

        CLASS   SFR25          

        CLASS   SFR26          

        CLASS   SFR27          

        CLASS   SFR28          

        CLASS   SFR29          

        CLASS   SFR30          

        CLASS   SFR31          

        CLASS   CONFIG         
                config                             8007     8007        5         4

        CLASS   IDLOC          
                idloc                              8000     8000        4         5

        CLASS   EEDATA         

        CLASS   BANK31         

        CLASS   BANK30         

        CLASS   BANK29         

        CLASS   BANK28         

        CLASS   BANK27         

        CLASS   BANK26         

        CLASS   BANK25         

        CLASS   BANK24         

        CLASS   BANK23         

        CLASS   BANK22         

        CLASS   BANK21         

        CLASS   BANK20         

        CLASS   BANK19         

        CLASS   BANK18         

        CLASS   BANK17         

        CLASS   BANK16         

        CLASS   BANK15         

        CLASS   BANK14         

        CLASS   BANK13         

        CLASS   HEAP           

        CLASS   STACK          



SEGMENTS        Name                           Load    Length   Top    Selector   Space  Class     Delta

                text20                         00163E  000013  001651      2C7C       0  CODE        2
                text54                         001651  000014  001665      2CA2       0  CODE        2
                text68                         001618  000013  00162B      2C30       0  CODE        2
                text62                         00162B  000013  00163E      2C56       0  CODE        2
                text18                         00168E  000015  0016A3      2D1C       0  CODE        2
                text15                         0016A3  000015  0016B8      2D46       0  CODE        2
                text5                          001665  000014  001679      2CCA       0  CODE        2
                text23                         001679  000015  00168E      2CF2       0  CODE        2
                text55                         001606  000012  001618      2C0C       0  CODE        2
                text50                         0015A6  00000E  0015B4      2B4C       0  CODE        2
                text84                         0015B4  00000F  0015C3      2B68       0  CODE        2
                text42                         00158C  00000D  001599      2B18       0  CODE        2
                text31                         001599  00000D  0015A6      2B32       0  CODE        2
                text4                          0015E3  000011  0015F4      2BC6       0  CODE        2
                text72                         0015F4  000012  001606      2BE8       0  CODE        2
                text81                         0015C3  00000F  0015D2      2B86       0  CODE        2
                text78                         0015D2  000011  0015E3      2BA4       0  CODE        2
                text77                         0016B8  000017  0016CF      2D70       0  CODE        2
                text63                         000842  00003B  00087D      1084       0  CODE        2
                text64                         00087D  00003E  0008BB      10FA       0  CODE        2
                text9                          0017CB  000035  001800      2F96       0  CODE        2
                text67                         000807  00003B  000842      100E       0  CODE        2
                text26                         00093B  000043  00097E      1276       0  CODE        2
                text27                         00097E  000045  0009C3      12FC       0  CODE        2
                text13                         0008BB  00003E  0008F9      1176       0  CODE        2
                text65                         0008F9  000042  00093B      11F2       0  CODE        2
                text32                         0017A1  00002A  0017CB      2F42       0  CODE        2
                text53                         0016FF  00001A  001719      2DFE       0  CODE        2
                text10                         001719  00001E  001737      2E32       0  CODE        2
                text45                         0016CF  000017  0016E6      2D9E       0  CODE        2
                text16                         0016E6  000019  0016FF      2DCC       0  CODE        2
                text70                         001759  000023  00177C      2EB2       0  CODE        2
                text30                         00177C  000025  0017A1      2EF8       0  CODE        2
                stringtext1                    001800  00002E  00182E      3000       0  STRCODE     2
                text28                         001737  000022  001759      2E6E       0  CODE        2
                text58                         00157F  00000D  00158C      2AFE       0  CODE        2
                text87                         0014B3  000006  0014B9      2966       0  CODE        2
                text86                         0014B9  000006  0014BF      2972       0  CODE        2
                text44                         0014A8  000005  0014AD      2950       0  CODE        2
                text90                         0014AD  000006  0014B3      295A       0  CODE        2
                text46                         0014CB  000006  0014D1      2996       0  CODE        2
                text43                         0014D1  000006  0014D7      29A2       0  CODE        2
                text74                         0014BF  000006  0014C5      297E       0  CODE        2
                text47                         0014C5  000006  0014CB      298A       0  CODE        2
                text66                         0014A3  000005  0014A8      2946       0  CODE        2
                text85                         001494  000001  001495      2928       0  CODE        2
                text80                         000003  000001  000004         6       0  CODE        2
                text89                         001493  000001  001494      2926       0  CODE        2
                text49                         00149B  000004  00149F      2936       0  CODE        2
                text48                         00149F  000004  0014A3      293E       0  CODE        2
                text73                         001495  000003  001498      292A       0  CODE        2
                text6                          001498  000003  00149B      2930       0  CODE        2
                text39                         0014D7  000006  0014DD      29AE       0  CODE        2
                text75                         001538  00000B  001543      2A70       0  CODE        2
                text34                         001543  00000B  00154E      2A86       0  CODE        2
                text71                         001524  00000A  00152E      2A48       0  CODE        2
                text41                         00152E  00000A  001538      2A5C       0  CODE        2
                text29                         001566  00000C  001572      2ACC       0  CODE        2
                text88                         001572  00000D  00157F      2AE4       0  CODE        2
                text36                         00154E  00000C  00155A      2A9C       0  CODE        2
                text35                         00155A  00000C  001566      2AB4       0  CODE        2
                text79                         00151A  00000A  001524      2A34       0  CODE        2
                idataBANK1                     0014E9  000006  0014EF      29D2       0  CODE        2
                text37                         0014EF  000008  0014F7      29DE       0  CODE        2
                text33                         0014DD  000006  0014E3      29BA       0  CODE        2
                clrtext                        0014E3  000006  0014E9      29C6       0  CODE        2
                text40                         001508  000009  001511      2A10       0  CODE        2
                text22                         001511  000009  00151A      2A22       0  CODE        2
                text17                         0014F7  000008  0014FF      29EE       0  CODE        2
                text83                         0014FF  000009  001508      29FE       0  CODE        2
                reset_vec                      000000  000003  000003         0       0  CODE        2
                cstackBANK0                    000020  00004A  00006A        20       1  BANK0       1
                bssBANK2                       000120  00001D  00013D       120       1  BANK2       1
                bssBANK1                       0000A0  000049  0000E9        A0       1  BANK1       1
                cstackCOMMON                   000070  00000C  00007C        70       1  COMMON      1
                intentry                       000004  000803  000807         8       0  CODE        2
                text38                         000B18  00005E  000B76      1630       0  CODE        2
                text69                         000B76  000062  000BD8      16EC       0  CODE        2
                text56                         000ABB  00005D  000B18      1576       0  CODE        2
                text1                          000BD8  000064  000C3C      17B0       0  CODE        2
                text14                         000A5F  00005C  000ABB      14BE       0  CODE        2
                text8                          000C3C  00006B  000CA7      1878       0  CODE        2
                text24                         000CA7  00007C  000D23      194E       0  CODE        2
                text60                         000A0E  000051  000A5F      141C       0  CODE        2
                text52                         0009C3  00004B  000A0E      1386       0  CODE        2
                text61                         000DA9  0000B1  000E5A      1B52       0  CODE        2
                text57                         000D23  000086  000DA9      1A46       0  CODE        2
                text12                         000F2C  0000D4  001000      1E58       0  CODE        2
                maintext                       000E5A  0000D2  000F2C      1CB4       0  CODE        2


UNUSED ADDRESS RANGES

        Name                Unused          Largest block    Delta
        BANK0            0006A-0006F               6           1
        BANK1            000E9-000EF               7           1
        BANK10           00520-0056F              50           1
        BANK11           005A0-005EF              50           1
        BANK12           00620-0064F              30           1
        BANK2            0013D-0016F              33           1
        BANK3            001A0-001EF              50           1
        BANK4            00220-0026F              50           1
        BANK5            002A0-002EF              50           1
        BANK6            00320-0036F              50           1
        BANK7            003A0-003EF              50           1
        BANK8            00420-0046F              50           1
        BANK9            004A0-004EF              50           1
        BIGRAM           02000-023EF             3F0           1
        CODE             01000-01492             493           2
                         0182E-01FFF             7D2
        COMMON           0007C-0007D               2           1
        CONST            01000-01492             100           2
                         0182E-01FFF             100
        EEDATA           0F000-0F0FF             100           2
        ENTRY            01000-01492             100           2
                         0182E-01FFF             100
        RAM              0006A-0006F               6           1
                         000E9-000EF               7
                         0013D-0016F              33
                         001A0-001EF              50
                         00220-0026F              50
                         002A0-002EF              50
                         00320-0036F              50
                         003A0-003EF              50
                         00420-0046F              50
                         004A0-004EF              50
                         00520-0056F              50
                         005A0-005EF              50
                         00620-0064F              30
        SFR0             00000-0001F              20           1
        SFR1             00080-0009F              20           1
        SFR10            00500-0051F              20           1
        SFR11            00580-0059F              20           1
        SFR12            00600-0061F              20           1
        SFR13            00680-006EF              70           1
        SFR14            00700-0076F              70           1
        SFR15            00780-007EF              70           1
        SFR16            00800-0086F              70           1
        SFR17            00880-008EF              70           1
        SFR18            00900-0096F              70           1
        SFR19            00980-009EF              70           1
        SFR2             00100-0011F              20           1
        SFR20            00A00-00A6F              70           1
        SFR21            00A80-00AEF              70           1
        SFR22            00B00-00B6F              70           1
        SFR23            00B80-00BEF              70           1
        SFR24            00C00-00C6F              70           1
        SFR25            00C80-00CEF              70           1
        SFR26            00D00-00D6F              70           1
        SFR27            00D80-00DEF              70           1
        SFR28            00E00-00E6F              70           1
        SFR29            00E80-00EEF              70           1
        SFR3             00180-0019F              20           1
        SFR30            00F00-00F6F              70           1
        SFR31            00F80-00FEF              70           1
        SFR4             00200-0021F              20           1
        SFR5             00280-0029F              20           1
        SFR6             00300-0031F              20           1
        SFR7             00380-0039F              20           1
        SFR8             00400-0041F              20           1
        SFR9             00480-0049F              20           1
        STRCODE          01000-01492             493           2
                         0182E-01FFF             7D2
        STRING           01000-01492             100           2
                         0182E-01FFF             100

                                  Symbol Table

?_ADCC_GetSingleConversion                    cstackCOMMON 00072
?_AppClock_Seconds                            cstackCOMMON 00072
?_LCDbusy                                     cstackBANK0  00020
?_S1_check                                    cstackCOMMON 00072
?_S2_check                                    cstackCOMMON 00072
?___awdiv                                     cstackBANK0  00020
?___awmod                                     cstackCOMMON 00072
ADCC_GetSingleConversion@channel              cstackCOMMON 00074
ClearRecords@i                                cstackBANK0  0002A
DATAEE_ReadByte@bAdd                          cstackCOMMON 00072
DATAEE_WriteByte@GIEBitValue                  cstackCOMMON 00079
DATAEE_WriteByte@bAdd                         cstackBANK0  00020
DATAEE_WriteByte@bData                        cstackBANK0  00022
EEPROM_ReadConfig@config_id                   cstackCOMMON 00074
EEPROM_ReadHeader@checksum                    cstackCOMMON 00075
EEPROM_ReadHeader@high                        cstackCOMMON 00077
EEPROM_ReadHeader@low                         cstackCOMMON 00076
EEPROM_ReadHeader@magic                       cstackCOMMON 00074
EEPROM_ReadRecord@L                           cstackBANK0  00026
EEPROM_ReadRecord@T                           cstackBANK0  00025
EEPROM_ReadRecord@base_addr                   cstackBANK0  00020
EEPROM_ReadRecord@h                           cstackBANK0  00022
EEPROM_ReadRecord@m                           cstackBANK0  00023
EEPROM_ReadRecord@s                           cstackBANK0  00024
EEPROM_WriteConfig@config_id                  cstackBANK0  00024
EEPROM_WriteConfig@value                      cstackBANK0  00023
EEPROM_WriteHeader@checksum                   cstackBANK0  00025
EEPROM_WriteHeader@magic                      cstackBANK0  00023
EEPROM_WriteRecord@L                          cstackBANK0  00029
EEPROM_WriteRecord@T                          cstackBANK0  00028
EEPROM_WriteRecord@base_addr                  cstackBANK0  00023
EEPROM_WriteRecord@h                          cstackBANK0  00025
EEPROM_WriteRecord@m                          cstackBANK0  00026
EEPROM_WriteRecord@s                          cstackBANK0  00027
INT_SetInterruptHandler@InterruptHandler      cstackCOMMON 00072
IOCCF5_SetInterruptHandler@InterruptHandler   cstackCOMMON 00072
LCDchar@c                                     cstackCOMMON 00079
LCDcmd@c                                      cstackCOMMON 00079
LCDpos@c                                      cstackBANK0  00020
LCDpos@l                                      cstackBANK0  00021
LCDpos@p                                      cstackBANK0  00022
LCDrecv@hc                                    cstackCOMMON 00076
LCDrecv@lc                                    cstackCOMMON 00077
LCDrecv@mode                                  cstackCOMMON 00078
LCDsend2x4@c                                  cstackCOMMON 00076
LCDsend2x4@hc                                 cstackCOMMON 00077
LCDsend2x4@lc                                 cstackCOMMON 00078
LCDsend2x4@mode                               cstackCOMMON 00074
LCDsend@c                                     cstackCOMMON 00075
LCDstr@c                                      cstackBANK0  00024
LCDstr@p                                      cstackBANK0  00020
OnS1Pressed@next                              cstackCOMMON 00075
PWM6_LoadDutyValue@dutyValue                  cstackCOMMON 00072
RenderConfig@line1                            cstackBANK0  0003F
RenderConfig@line2                            cstackBANK0  0002E
RenderConfig@show_hh                          cstackBANK0  00052
RenderConfig@show_mm                          cstackBANK0  00053
RenderConfig@show_ss                          cstackBANK0  00054
RenderNormal@line1                            cstackBANK0  0003F
RenderNormal@line2                            cstackBANK0  0002E
RenderRecords@line1                           cstackBANK0  0002C
RenderRecords@line2                           cstackBANK0  0003D
SaveRecord_EEPROM@record_to_save              cstackBANK0  0002A
TMR1_SetGateInterruptHandler@InterruptHandler cstackCOMMON 00072
TMR1_SetInterruptHandler@InterruptHandler     cstackCOMMON 00072
TMR1_WriteTimer@timerVal                      cstackCOMMON 00070
UI_Init@addr                                  cstackBANK0  0005B
UI_Init@addr_3293                             cstackBANK0  0005D
UI_Init@calc_checksum                         cstackBANK0  00061
UI_Init@i                                     cstackBANK0  0005F
UI_Init@i_3292                                cstackBANK0  00060
UI_Init@magic                                 cstackBANK0  00058
UI_Init@stored_checksum                       cstackBANK0  0005A
UI_OnTick1s@clockCond                         cstackBANK0  00059
UpdateEEPROMChecksum@addr                     cstackBANK0  00027
UpdateEEPROMChecksum@calc_checksum            cstackBANK0  00026
UpdateEEPROMChecksum@i                        cstackBANK0  00029
WriteI2C@data_out                             cstackCOMMON 00073
_ADACCH                                       (abs)        00091
_ADACCL                                       (abs)        00090
_ADACQ                                        (abs)        0009D
_ADACT                                        (abs)        00099
_ADCAP                                        (abs)        0009B
_ADCC_GetSingleConversion                     text55       01606
_ADCC_Initialize                              text45       016CF
_ADCLK                                        (abs)        00098
_ADCNT                                        (abs)        0010C
_ADCON0                                       (abs)        00093
_ADCON0bits                                   (abs)        00093
_ADCON1                                       (abs)        00094
_ADCON1bits                                   (abs)        00094
_ADCON2                                       (abs)        00095
_ADCON2bits                                   (abs)        00095
_ADCON3                                       (abs)        00096
_ADCON3bits                                   (abs)        00096
_ADERRH                                       (abs)        00117
_ADERRL                                       (abs)        00116
_ADFLTRH                                      (abs)        00115
_ADFLTRL                                      (abs)        00114
_ADLTHH                                       (abs)        0010F
_ADLTHL                                       (abs)        0010E
_ADPCH                                        (abs)        0009E
_ADPRE                                        (abs)        0009C
_ADPREVH                                      (abs)        0008F
_ADPREVL                                      (abs)        0008E
_ADREF                                        (abs)        0009A
_ADRESH                                       (abs)        0008D
_ADRESL                                       (abs)        0008C
_ADRPT                                        (abs)        0010D
_ADSTAT                                       (abs)        00097
_ADSTATbits                                   (abs)        00097
_ADSTPTH                                      (abs)        00113
_ADSTPTL                                      (abs)        00112
_ADUTHH                                       (abs)        00111
_ADUTHL                                       (abs)        00110
_ANSELA                                       (abs)        00F38
_ANSELAbits                                   (abs)        00F38
_ANSELB                                       (abs)        00F43
_ANSELC                                       (abs)        00F4E
_ANSELD                                       (abs)        00F59
_ANSELE                                       (abs)        00F64
_Alarm_BeepStart                              text5        01665
_Alarm_BeepTick1s                             text4        015E3
_AppClock_ConsumeTick1s                       text75       01538
_AppClock_Init                                text72       015F4
_AppClock_Seconds                             text71       01524
_CCPTMRS1bits                                 (abs)        0021F
_CLKRCLK                                      (abs)        00896
_CLKRCON                                      (abs)        00895
_CLKREF_Initialize                            text44       014A8
_ClearAlarmFlags                              text66       014A3
_ClearRecords                                 text61       00DA9
_Clock_Tick1s                                 text67       00807
_CompareReading                               text56       00ABB
_DATAEE_ReadByte                              text29       01566
_DATAEE_WriteByte                             text70       01759
_EEPROM_ReadConfig                            text11       007F4
_EEPROM_ReadHeader                            text28       01737
_EEPROM_ReadRecord                            text27       0097E
_EEPROM_WriteConfig                           text68       01618
_EEPROM_WriteHeader                           text10       01719
_EEPROM_WriteRecord                           text63       00842
_EXT_INT_Initialize                           text42       0158C
_I2C1_CallbackReturnReset                     (abs)        00000
_I2C1_CallbackReturnStop                      (abs)        00000
_I2C1_DO_ADDRESS_NACK                         (abs)        00000
_I2C1_DO_IDLE                                 (abs)        00000
_I2C1_DO_RCEN                                 (abs)        00000
_I2C1_DO_RESET                                (abs)        00000
_I2C1_DO_RX                                   (abs)        00000
_I2C1_DO_RX_ACK                               (abs)        00000
_I2C1_DO_RX_NACK_RESTART                      (abs)        00000
_I2C1_DO_RX_NACK_STOP                         (abs)        00000
_I2C1_DO_SEND_ADR_READ                        (abs)        00000
_I2C1_DO_SEND_ADR_WRITE                       (abs)        00000
_I2C1_DO_SEND_RESTART                         (abs)        00000
_I2C1_DO_SEND_RESTART_READ                    (abs)        00000
_I2C1_DO_SEND_RESTART_WRITE                   (abs)        00000
_I2C1_DO_SEND_STOP                            (abs)        00000
_I2C1_DO_TX                                   (abs)        00000
_I2C1_DO_TX_EMPTY                             (abs)        00000
_I2C1_Initialize                              text41       0152E
_I2C1_MasterIsr                               (abs)        00000
_I2C1_Status                                  bssBANK2     00120
_INLVLA                                       (abs)        00F3C
_INLVLB                                       (abs)        00F47
_INLVLC                                       (abs)        00F52
_INLVLD                                       (abs)        00F5D
_INLVLE                                       (abs)        00F68
_INTCONbits                                   (abs)        0000B
_INTERRUPT_InterruptManager                   intentry     00004
_INTPPS                                       (abs)        00E90
_INT_CallBack                                 text88       01572
_INT_DefaultInterruptHandler                  text89       01493
_INT_ISR                                      text87       014B3
_INT_InterruptHandler                         nvBANK1      000D3
_INT_SetInterruptHandler                      text43       014D1
_IOCCF5_DefaultInterruptHandler               text85       01494
_IOCCF5_ISR                                   text84       015B4
_IOCCF5_InterruptHandler                      nvBANK1      000D9
_IOCCF5_SetInterruptHandler                   text39       014D7
_IOCCFbits                                    (abs)        00F55
_IOCCNbits                                    (abs)        00F54
_IOCCPbits                                    (abs)        00F53
_LATA                                         (abs)        00016
_LATAbits                                     (abs)        00016
_LATB                                         (abs)        00017
_LATC                                         (abs)        00018
_LATD                                         (abs)        00019
_LATE                                         (abs)        0001A
_LCDbusy                                      text20       0163E
_LCDchar                                      text17       014F7
_LCDcmd                                       text19       00800
_LCDinit                                      text24       00CA7
_LCDpos                                       text18       0168E
_LCDrecv                                      text21       00069
_LCDsend                                      text26       0093B
_LCDsend2x4                                   text25       00743
_LCDstr                                       text16       016E6
_MSSP1_InterruptHandler                       bssBANK1     000AA
_NVMADRH                                      (abs)        0081B
_NVMADRL                                      (abs)        0081A
_NVMCON1bits                                  (abs)        0081E
_NVMCON2                                      (abs)        0081F
_NVMDATH                                      (abs)        0081D
_NVMDATL                                      (abs)        0081C
_ODCONA                                       (abs)        00F3A
_ODCONB                                       (abs)        00F45
_ODCONC                                       (abs)        00F50
_ODCOND                                       (abs)        00F5B
_ODCONE                                       (abs)        00F66
_OSCCON1                                      (abs)        0088D
_OSCCON3                                      (abs)        0088F
_OSCEN                                        (abs)        00891
_OSCFRQ                                       (abs)        00893
_OSCILLATOR_Initialize                        text40       01508
_OSCTUNE                                      (abs)        00892
_OnS1Pressed                                  text64       0087D
_OnS2Pressed                                  text59       002E9
_OpenI2C                                      text58       0157F
_PIE0bits                                     (abs)        00716
_PIE3bits                                     (abs)        00719
_PIE4bits                                     (abs)        0071A
_PIE5bits                                     (abs)        0071B
_PIN_MANAGER_IOC                              text83       014FF
_PIN_MANAGER_Initialize                       text38       00B18
_PIR0bits                                     (abs)        0070C
_PIR3bits                                     (abs)        0070F
_PIR4bits                                     (abs)        00710
_PIR5bits                                     (abs)        00711
_PMD0                                         (abs)        00796
_PMD1                                         (abs)        00797
_PMD2                                         (abs)        00798
_PMD3                                         (abs)        00799
_PMD4                                         (abs)        0079A
_PMD5                                         (abs)        0079B
_PMD_Initialize                               text37       014EF
_PR2                                          (abs)        0028D
_PWM6CON                                      (abs)        0038E
_PWM6CONbits                                  (abs)        0038E
_PWM6DCH                                      (abs)        0038D
_PWM6DCL                                      (abs)        0038C
_PWM6_Initialize                              text36       0154E
_PWM6_LoadDutyValue                           text23       01679
_PWM6_Start                                   text6        01498
_PWM6_Stop                                    text22       01511
_RA6PPS                                       (abs)        00F16
_RC3PPS                                       (abs)        00F23
_RC4PPS                                       (abs)        00F24
_ReadI2C                                      text53       016FF
_ReadSensors                                  text50       015A6
_RenderConfig                                 text3        001AD
_RenderConfig$3314                            cstackBANK0  00050
_RenderNormal                                 text12       00F2C
_RenderNormal$3318                            cstackBANK0  00050
_RenderNormal$3319                            cstackBANK0  00052
_RenderNormal$3320                            cstackBANK0  00054
_RenderNormal$3321                            cstackBANK0  00056
_RenderRecords                                text2        0052E
_Reset_flag_S1                                text49       0149B
_Reset_flag_S2                                text48       0149F
_S1_Callback                                  text90       014AD
_S1_check                                     text47       014C5
_S1_pressed                                   bssBANK1     000A6
_S2_Callback                                  text86       014B9
_S2_check                                     text46       014CB
_S2_pressed                                   bssBANK1     000A4
_SLRCONA                                      (abs)        00F3B
_SLRCONB                                      (abs)        00F46
_SLRCONC                                      (abs)        00F51
_SLRCOND                                      (abs)        00F5C
_SLRCONE                                      (abs)        00F67
_SMT1CLK                                      (abs)        0049B
_SMT1CON0                                     (abs)        00498
_SMT1CON0bits                                 (abs)        00498
_SMT1CON1                                     (abs)        00499
_SMT1CON1bits                                 (abs)        00499
_SMT1CPR                                      (abs)        0048F
_SMT1CPW                                      (abs)        00492
_SMT1PR                                       (abs)        00495
_SMT1PRH                                      (abs)        00496
_SMT1PRL                                      (abs)        00495
_SMT1PRU                                      (abs)        00497
_SMT1SIG                                      (abs)        0049C
_SMT1SIGPPS                                   (abs)        00EAA
_SMT1STAT                                     (abs)        0049A
_SMT1STATbits                                 (abs)        0049A
_SMT1TMR                                      (abs)        0048C
_SMT1WIN                                      (abs)        0049D
_SMT1WINPPS                                   (abs)        00EA9
_SMT1_Initialize                              text35       0155A
_SSP1ADD                                      (abs)        0018D
_SSP1BUF                                      (abs)        0018C
_SSP1CLKPPS                                   (abs)        00EC5
_SSP1CON1                                     (abs)        00190
_SSP1CON1bits                                 (abs)        00190
_SSP1CON2                                     (abs)        00191
_SSP1CON2bits                                 (abs)        00191
_SSP1DATPPS                                   (abs)        00EC6
_SSP1STAT                                     (abs)        0018F
_SSP1STATbits                                 (abs)        0018F
_SYSTEM_Initialize                            text30       0177C
_SaveRecord_EEPROM                            text57       00D23
_T0CKIPPS                                     (abs)        00E91
_T0CON0                                       (abs)        0001E
_T0CON0bits                                   (abs)        0001E
_T0CON1                                       (abs)        0001F
_T1CLK                                        (abs)        00211
_T1CON                                        (abs)        0020E
_T1CONbits                                    (abs)        0020E
_T1GATE                                       (abs)        00210
_T1GCON                                       (abs)        0020F
_T1GCONbits                                   (abs)        0020F
_T2CLKCON                                     (abs)        00290
_T2CON                                        (abs)        0028E
_T2CONbits                                    (abs)        0028E
_T2HLT                                        (abs)        0028F
_T2HLTbits                                    (abs)        0028F
_T2PR                                         (abs)        0028D
_T2RST                                        (abs)        00291
_T2RSTbits                                    (abs)        00291
_T2TMR                                        (abs)        0028C
_TMR0H                                        (abs)        0001D
_TMR0L                                        (abs)        0001C
_TMR0_Initialize                              text34       01543
_TMR1H                                        (abs)        0020D
_TMR1L                                        (abs)        0020C
_TMR1_1sCallback                              text79       0151A
_TMR1_DefaultGateInterruptHandler             text82       00002
_TMR1_DefaultInterruptHandler                 text80       00003
_TMR1_GATE_ISR                                text81       015C3
_TMR1_GateInterruptHandler                    nvBANK1      000D5
_TMR1_ISR                                     text77       016B8
_TMR1_Initialize                              text32       017A1
_TMR1_InterruptHandler                        nvBANK1      000D7
_TMR1_SetGateInterruptHandler                 text33       014DD
_TMR1_SetInterruptHandler                     text74       014BF
_TMR1_StartTimer                              text73       01495
_TMR1_WriteTimer                              text78       015D2
_TMR2                                         (abs)        0028C
_TMR2_Initialize                              text31       01599
_TRISA                                        (abs)        00011
_TRISAbits                                    (abs)        00011
_TRISB                                        (abs)        00012
_TRISC                                        (abs)        00013
_TRISCbits                                    (abs)        00013
_TRISD                                        (abs)        00014
_TRISE                                        (abs)        00015
_UI_Init                                      text7        0040D
_UI_OnTick1s                                  text1        00BD8
_UI_OnTick1s$3298                             cstackBANK0  00058
_UpdateEEPROMChecksum                         text9        017CB
_WPUA                                         (abs)        00F39
_WPUB                                         (abs)        00F44
_WPUC                                         (abs)        00F4F
_WPUD                                         (abs)        00F5A
_WPUE                                         (abs)        00F65
_WriteI2C                                     text52       009C3
__H__absolute__                               __absolute__ 00000
__Habs1                                       abs1         00000
__Hbank0                                      bank0        00000
__Hbank1                                      bank1        00000
__Hbank10                                     bank10       00000
__Hbank11                                     bank11       00000
__Hbank12                                     bank12       00000
__Hbank13                                     bank13       00000
__Hbank14                                     bank14       00000
__Hbank15                                     bank15       00000
__Hbank16                                     bank16       00000
__Hbank17                                     bank17       00000
__Hbank18                                     bank18       00000
__Hbank19                                     bank19       00000
__Hbank2                                      bank2        00000
__Hbank20                                     bank20       00000
__Hbank21                                     bank21       00000
__Hbank22                                     bank22       00000
__Hbank23                                     bank23       00000
__Hbank24                                     bank24       00000
__Hbank25                                     bank25       00000
__Hbank26                                     bank26       00000
__Hbank27                                     bank27       00000
__Hbank28                                     bank28       00000
__Hbank29                                     bank29       00000
__Hbank3                                      bank3        00000
__Hbank30                                     bank30       00000
__Hbank31                                     bank31       00000
__Hbank4                                      bank4        00000
__Hbank5                                      bank5        00000
__Hbank6                                      bank6        00000
__Hbank7                                      bank7        00000
__Hbank8                                      bank8        00000
__Hbank9                                      bank9        00000
__Hbigram                                     bigram       00000
__HbssBANK1                                   bssBANK1     00000
__HbssBANK2                                   bssBANK2     00000
__HbssCOMMON                                  bssCOMMON    00000
__Hcinit                                      cinit        00069
__Hclrtext                                    clrtext      00000
__Hcode                                       code         00000
__Hcommon                                     common       00000
__Hconfig                                     config       0800C
__HcstackBANK0                                cstackBANK0  00000
__HcstackBANK1                                cstackBANK1  00000
__HcstackCOMMON                               cstackCOMMON 00000
__HdataBANK1                                  dataBANK1    00000
__Heeprom_data                                eeprom_data  00000
__Hend_init                                   end_init     00042
__Hfunctab                                    functab      00000
__Hheap                                       heap         00000
__HidataBANK1                                 idataBANK1   00000
__Hidloc                                      idloc        08004
__Hinit                                       init         00040
__Hintentry                                   intentry     00040
__Hmaintext                                   maintext     00000
__HnvBANK1                                    nvBANK1      00000
__Hpowerup                                    powerup      00000
__Hram                                        ram          00000
__Hreset_vec                                  reset_vec    00002
__Hsfr0                                       sfr0         00000
__Hsfr1                                       sfr1         00000
__Hsfr10                                      sfr10        00000
__Hsfr11                                      sfr11        00000
__Hsfr12                                      sfr12        00000
__Hsfr13                                      sfr13        00000
__Hsfr14                                      sfr14        00000
__Hsfr15                                      sfr15        00000
__Hsfr16                                      sfr16        00000
__Hsfr17                                      sfr17        00000
__Hsfr18                                      sfr18        00000
__Hsfr19                                      sfr19        00000
__Hsfr2                                       sfr2         00000
__Hsfr20                                      sfr20        00000
__Hsfr21                                      sfr21        00000
__Hsfr22                                      sfr22        00000
__Hsfr23                                      sfr23        00000
__Hsfr24                                      sfr24        00000
__Hsfr25                                      sfr25        00000
__Hsfr26                                      sfr26        00000
__Hsfr27                                      sfr27        00000
__Hsfr28                                      sfr28        00000
__Hsfr29                                      sfr29        00000
__Hsfr3                                       sfr3         00000
__Hsfr30                                      sfr30        00000
__Hsfr31                                      sfr31        00000
__Hsfr4                                       sfr4         00000
__Hsfr5                                       sfr5         00000
__Hsfr6                                       sfr6         00000
__Hsfr7                                       sfr7         00000
__Hsfr8                                       sfr8         00000
__Hsfr9                                       sfr9         00000
__Hsivt                                       sivt         00040
__Hspace_0                                    (abs)        0182E
__Hspace_1                                    (abs)        0013D
__Hspace_2                                    (abs)        00000
__Hspace_3                                    (abs)        00000
__Hspace_4                                    (abs)        10013
__Hstack                                      stack        00000
__Hstrings                                    strings      00000
__Hstringtext1                                stringtext1  00000
__Hstringtext2                                stringtext2  00000
__Hstringtext3                                stringtext3  00000
__Htext                                       text         00000
__L__absolute__                               __absolute__ 00000
__Labs1                                       abs1         00000
__Lbank0                                      bank0        00000
__Lbank1                                      bank1        00000
__Lbank10                                     bank10       00000
__Lbank11                                     bank11       00000
__Lbank12                                     bank12       00000
__Lbank13                                     bank13       00000
__Lbank14                                     bank14       00000
__Lbank15                                     bank15       00000
__Lbank16                                     bank16       00000
__Lbank17                                     bank17       00000
__Lbank18                                     bank18       00000
__Lbank19                                     bank19       00000
__Lbank2                                      bank2        00000
__Lbank20                                     bank20       00000
__Lbank21                                     bank21       00000
__Lbank22                                     bank22       00000
__Lbank23                                     bank23       00000
__Lbank24                                     bank24       00000
__Lbank25                                     bank25       00000
__Lbank26                                     bank26       00000
__Lbank27                                     bank27       00000
__Lbank28                                     bank28       00000
__Lbank29                                     bank29       00000
__Lbank3                                      bank3        00000
__Lbank30                                     bank30       00000
__Lbank31                                     bank31       00000
__Lbank4                                      bank4        00000
__Lbank5                                      bank5        00000
__Lbank6                                      bank6        00000
__Lbank7                                      bank7        00000
__Lbank8                                      bank8        00000
__Lbank9                                      bank9        00000
__Lbigram                                     bigram       00000
__LbssBANK1                                   bssBANK1     00000
__LbssBANK2                                   bssBANK2     00000
__LbssCOMMON                                  bssCOMMON    00000
__Lcinit                                      cinit        00042
__Lclrtext                                    clrtext      00000
__Lcode                                       code         00000
__Lcommon                                     common       00000
__Lconfig                                     config       00000
__LcstackBANK0                                cstackBANK0  00000
__LcstackBANK1                                cstackBANK1  00000
__LcstackCOMMON                               cstackCOMMON 00000
__LdataBANK1                                  dataBANK1    00000
__Leeprom_data                                eeprom_data  00000
__Lend_init                                   end_init     00040
__Lfunctab                                    functab      00000
__Lheap                                       heap         00000
__LidataBANK1                                 idataBANK1   00000
__Lidloc                                      idloc        00000
__Linit                                       init         00040
__Lintentry                                   intentry     00004
__Lmaintext                                   maintext     00000
__LnvBANK1                                    nvBANK1      00000
__Lpowerup                                    powerup      00000
__Lram                                        ram          00000
__Lreset_vec                                  reset_vec    00000
__Lsfr0                                       sfr0         00000
__Lsfr1                                       sfr1         00000
__Lsfr10                                      sfr10        00000
__Lsfr11                                      sfr11        00000
__Lsfr12                                      sfr12        00000
__Lsfr13                                      sfr13        00000
__Lsfr14                                      sfr14        00000
__Lsfr15                                      sfr15        00000
__Lsfr16                                      sfr16        00000
__Lsfr17                                      sfr17        00000
__Lsfr18                                      sfr18        00000
__Lsfr19                                      sfr19        00000
__Lsfr2                                       sfr2         00000
__Lsfr20                                      sfr20        00000
__Lsfr21                                      sfr21        00000
__Lsfr22                                      sfr22        00000
__Lsfr23                                      sfr23        00000
__Lsfr24                                      sfr24        00000
__Lsfr25                                      sfr25        00000
__Lsfr26                                      sfr26        00000
__Lsfr27                                      sfr27        00000
__Lsfr28                                      sfr28        00000
__Lsfr29                                      sfr29        00000
__Lsfr3                                       sfr3         00000
__Lsfr30                                      sfr30        00000
__Lsfr31                                      sfr31        00000
__Lsfr4                                       sfr4         00000
__Lsfr5                                       sfr5         00000
__Lsfr6                                       sfr6         00000
__Lsfr7                                       sfr7         00000
__Lsfr8                                       sfr8         00000
__Lsfr9                                       sfr9         00000
__Lsivt                                       sivt         00040
__Lspace_0                                    (abs)        00000
__Lspace_1                                    (abs)        00000
__Lspace_2                                    (abs)        00000
__Lspace_3                                    (abs)        00000
__Lspace_4                                    (abs)        00000
__Lstack                                      stack        00000
__Lstrings                                    strings      00000
__Lstringtext1                                stringtext1  00000
__Lstringtext2                                stringtext2  00000
__Lstringtext3                                stringtext3  00000
__Ltext                                       text         00000
__S0                                          (abs)        0182E
__S1                                          (abs)        0013D
__S3                                          (abs)        00000
___awdiv                                      text14       00A5F
___awdiv@counter                              cstackBANK0  00024
___awdiv@dividend                             cstackBANK0  00022
___awdiv@divisor                              cstackBANK0  00020
___awdiv@quotient                             cstackBANK0  00026
___awdiv@sign                                 cstackBANK0  00025
___awmod                                      text60       00A0E
___awmod@counter                              cstackCOMMON 00076
___awmod@dividend                             cstackCOMMON 00074
___awmod@divisor                              cstackCOMMON 00072
___awmod@sign                                 cstackCOMMON 00077
___bmul                                       text62       0162B
___bmul@multiplicand                          cstackCOMMON 00072
___bmul@multiplier                            cstackCOMMON 00074
___bmul@product                               cstackCOMMON 00073
___heap_hi                                    (abs)        00000
___heap_lo                                    (abs)        00000
___int_sp                                     stack        00000
___int_stack_hi                               stack        00000
___int_stack_lo                               stack        00000
___latbits                                    (abs)        00002
___sp                                         stack        00000
___stack_hi                                   stack        00000
___stack_lo                                   stack        00000
___stackhi                                    (abs)        00000
___stacklo                                    (abs)        00000
__end_of_ADCC_GetSingleConversion             text55       01618
__end_of_ADCC_Initialize                      text45       016E6
__end_of_Alarm_BeepStart                      text5        01679
__end_of_Alarm_BeepTick1s                     text4        015F4
__end_of_AppClock_ConsumeTick1s               text75       01543
__end_of_AppClock_Init                        text72       01606
__end_of_AppClock_Seconds                     text71       0152E
__end_of_CLKREF_Initialize                    text44       014AD
__end_of_ClearAlarmFlags                      text66       014A8
__end_of_ClearRecords                         text61       00E5A
__end_of_Clock_Tick1s                         text67       00842
__end_of_CompareReading                       text56       00B18
__end_of_DATAEE_ReadByte                      text29       01572
__end_of_DATAEE_WriteByte                     text70       0177C
__end_of_EEPROM_ReadConfig                    text11       00800
__end_of_EEPROM_ReadHeader                    text28       01759
__end_of_EEPROM_ReadRecord                    text27       009C3
__end_of_EEPROM_WriteConfig                   text68       0162B
__end_of_EEPROM_WriteHeader                   text10       01737
__end_of_EEPROM_WriteRecord                   text63       0087D
__end_of_EXT_INT_Initialize                   text42       01599
__end_of_I2C1_Initialize                      text41       01538
__end_of_INTERRUPT_InterruptManager           intentry     00040
__end_of_INT_CallBack                         text88       0157F
__end_of_INT_DefaultInterruptHandler          text89       01494
__end_of_INT_ISR                              text87       014B9
__end_of_INT_SetInterruptHandler              text43       014D7
__end_of_IOCCF5_DefaultInterruptHandler       text85       01495
__end_of_IOCCF5_ISR                           text84       015C3
__end_of_IOCCF5_SetInterruptHandler           text39       014DD
__end_of_LCDbusy                              text20       01651
__end_of_LCDchar                              text17       014FF
__end_of_LCDcmd                               text19       00807
__end_of_LCDinit                              text24       00D23
__end_of_LCDpos                               text18       016A3
__end_of_LCDrecv                              text21       001AD
__end_of_LCDsend                              text26       0097E
__end_of_LCDsend2x4                           text25       007F4
__end_of_LCDstr                               text16       016FF
__end_of_OSCILLATOR_Initialize                text40       01511
__end_of_OnS1Pressed                          text64       008BB
__end_of_OnS2Pressed                          text59       0040D
__end_of_OpenI2C                              text58       0158C
__end_of_PIN_MANAGER_IOC                      text83       01508
__end_of_PIN_MANAGER_Initialize               text38       00B76
__end_of_PMD_Initialize                       text37       014F7
__end_of_PWM6_Initialize                      text36       0155A
__end_of_PWM6_LoadDutyValue                   text23       0168E
[...]
__end_of_TMR1_GATE_ISR                        text81       015D2
__end_of_TMR1_ISR                             text77       016CF
__end_of_TMR1_Initialize                      text32       017CB
__end_of_TMR1_SetGateInterruptHandler         text33       014E3
__end_of_TMR1_SetInterruptHandler             text74       014C5
__end_of_TMR1_StartTimer                      text73       01498
__end_of_TMR1_WriteTimer                      text78       015E3
__end_of_TMR2_Initialize                      text31       015A6
__end_of_UI_Init                              text7        0052E
__end_of_UI_OnTick1s                          text1        00C3C
__end_of_UpdateEEPROMChecksum                 text9        01800
__end_of_WriteI2C                             text52       00A0E
__end_of___awdiv                              text14       00ABB
__end_of___awmod                              text60       00A5F
__end_of___bmul                               text62       0163E
__end_of__initialization                      cinit        00065
__end_of_cfg_next                             text65       0093B
__end_of_fill16                               text15       016B8
__end_of_i2c1_fsmStateTable                   stringtext1  01820
__end_of_main                                 maintext     00F2C
__end_of_put2                                 text13       008F9
__end_of_readLuminosityLevel                  text54       01665
__end_of_readTC74                             text51       00743
__end_of_reverse_bits                         text69       00BD8
__end_of_set_defaults                         text8        00CA7
__initialization                              cinit        00042
__pbssBANK1                                   bssBANK1     000A0
__pbssBANK2                                   bssBANK2     00120
__pbssCOMMON                                  bssCOMMON    0007A
__pcstackBANK0                                cstackBANK0  00020
__pcstackBANK1                                cstackBANK1  000DB
__pcstackCOMMON                               cstackCOMMON 00070
__pdataBANK1                                  dataBANK1    000E3
__pidataBANK1                                 idataBANK1   014E9
__pintentry                                   intentry     00004
__pmaintext                                   maintext     00E5A
__pnvBANK1                                    nvBANK1      000D3
__pstringtext1                                stringtext1  01800
__pstringtext2                                stringtext2  01820
__pstringtext3                                stringtext3  00000
__ptext1                                      text1        00BD8
__ptext10                                     text10       01719
__ptext11                                     text11       007F4
__ptext12                                     text12       00F2C
__ptext13                                     text13       008BB
__ptext14                                     text14       00A5F
__ptext15                                     text15       016A3
__ptext16                                     text16       016E6
__ptext17                                     text17       014F7
__ptext18                                     text18       0168E
__ptext19                                     text19       00800
__ptext2                                      text2        0052E
__ptext20                                     text20       0163E
__ptext21                                     text21       00069
__ptext22                                     text22       01511
__ptext23                                     text23       01679
__ptext24                                     text24       00CA7
__ptext25                                     text25       00743
__ptext26                                     text26       0093B
__ptext27                                     text27       0097E
__ptext28                                     text28       01737
__ptext29                                     text29       01566
__ptext3                                      text3        001AD
__ptext30                                     text30       0177C
__ptext31                                     text31       01599
__ptext32                                     text32       017A1
__ptext33                                     text33       014DD
__ptext34                                     text34       01543
__ptext35                                     text35       0155A
__ptext36                                     text36       0154E
__ptext37                                     text37       014EF
__ptext38                                     text38       00B18
__ptext39                                     text39       014D7
__ptext4                                      text4        015E3
__ptext40                                     text40       01508
__ptext41                                     text41       0152E
__ptext42                                     text42       0158C
__ptext43                                     text43       014D1
__ptext44                                     text44       014A8
__ptext45                                     text45       016CF
__ptext46                                     text46       014CB
__ptext47                                     text47       014C5
__ptext48                                     text48       0149F
__ptext49                                     text49       0149B
__ptext5                                      text5        01665
__ptext50                                     text50       015A6
__ptext51                                     text51       0063A
__ptext52                                     text52       009C3
__ptext53                                     text53       016FF
__ptext54                                     text54       01651
__ptext55                                     text55       01606
__ptext56                                     text56       00ABB
__ptext57                                     text57       00D23
__ptext58                                     text58       0157F
__ptext59                                     text59       002E9
__ptext6                                      text6        01498
__ptext60                                     text60       00A0E
__ptext61                                     text61       00DA9
__ptext62                                     text62       0162B
__ptext63                                     text63       00842
__ptext64                                     text64       0087D
__ptext65                                     text65       008F9
__ptext66                                     text66       014A3
__ptext67                                     text67       00807
__ptext68                                     text68       01618
__ptext69                                     text69       00B76
__ptext7                                      text7        0040D
__ptext70                                     text70       01759
__ptext71                                     text71       01524
__ptext72                                     text72       015F4
__ptext73                                     text73       01495
__ptext74                                     text74       014BF
__ptext75                                     text75       01538
__ptext77                                     text77       016B8
__ptext78                                     text78       015D2
__ptext79                                     text79       0151A
__ptext8                                      text8        00C3C
__ptext80                                     text80       00003
__ptext81                                     text81       015C3
__ptext82                                     text82       00002
__ptext83                                     text83       014FF
__ptext84                                     text84       015B4
__ptext85                                     text85       01494
__ptext86                                     text86       014B9
__ptext87                                     text87       014B3
__ptext88                                     text88       01572
__ptext89                                     text89       01493
__ptext9                                      text9        017CB
__ptext90                                     text90       014AD
_alarmFlagC                                   bssBANK1     000B6
_alarmFlagL                                   bssBANK1     000B4
_alarmFlagT                                   bssBANK1     000B5
_alarmsEnabled                                bssBANK1     000B7
_cfg_next                                     text65       008F9
_field                                        bssBANK1     000BC
_fill16                                       text15       016A3
_hh                                           bssCOMMON    0007B
_i2c1_fsmStateTable                           stringtext1  01800
_light                                        bssBANK1     000B8
_main                                         maintext     00E5A
_mm                                           bssCOMMON    0007A
_mode                                         bssBANK1     000BD
_pmon                                         dataBANK1    000E8
_prevClockCond                                bssBANK1     000AD
_prevLumCond                                  bssBANK1     000AE
_prevTempCond                                 bssBANK1     000AF
_put2                                         text13       008BB
_pwm_seconds_left                             bssBANK1     000AC
_rd1RegCompleteHandler                        (abs)        00000
_rd2RegCompleteHandler                        (abs)        00000
_rdBlkRegCompleteHandler                      (abs)        00000
_readLuminosityLevel                          text54       01651
_readTC74                                     text51       0063A
_record_index                                 bssBANK1     000B3
_record_type                                  bssBANK1     000BB
_records                                      bssBANK1     000BF
_reverse_bits                                 text69       00B76
_reverse_bits$3426                            cstackCOMMON 00075
_s_seconds                                    bssBANK1     000A0
_s_tick1s                                     bssBANK1     000BE
_set_defaults                                 text8        00C3C
_ss                                           bssBANK1     000BA
_tala                                         dataBANK1    000E7
_temp                                         bssBANK1     000B9
_thrHour                                      dataBANK1    000E5
_thrLum                                       dataBANK1    000E3
_thrMinute                                    bssBANK1     000B1
_thrSecond                                    bssBANK1     000B2
_thrTemp                                      dataBANK1    000E4
_time_inactive                                bssBANK1     000B0
_timer1ReloadVal                              bssBANK1     000A8
_tina                                         dataBANK1    000E6
_wr1RegCompleteHandler                        (abs)        00000
_wr2RegCompleteHandler                        (abs)        00000
btemp                                         (abs)        0007E
btemp0                                        (abs)        0007E
btemp1                                        (abs)        0007F
cfg_next@f                                    cstackCOMMON 00074
clear_ram0                                    clrtext      014E3
end_of_initialization                         cinit        00065
fill16@i                                      cstackCOMMON 00073
fill16@s                                      cstackCOMMON 00072
int$flags                                     (abs)        0007E
intlevel0                                     functab      00000
intlevel1                                     functab      00000
intlevel2                                     functab      00000
intlevel3                                     functab      00000
intlevel4                                     functab      00000
intlevel5                                     functab      00000
ltemp0a                                       (abs)        00080
main@last_update                              cstackBANK1  000DF
main@now                                      cstackBANK1  000DB
put2@leftdigit                                cstackBANK0  0002A
put2@p                                        cstackBANK0  00028
put2@rightdigit                               cstackBANK0  0002B
put2@v                                        cstackBANK0  00029
readLuminosityLevel@level                     cstackCOMMON 00077
readLuminosityLevel@raw                       cstackCOMMON 00075
readTC74@value                                cstackCOMMON 00075
reset_vec                                     reset_vec    00000
reverse_bits@i                                cstackCOMMON 00076
reverse_bits@rev                              cstackCOMMON 00074
reverse_bits@x                                cstackCOMMON 00078
start                                         init         00040
start_initialization                          cinit        00042
ttemp0a                                       (abs)        0007F
wtemp0                                        (abs)        0007E
wtemp0a                                       (abs)        0007F


MODULE INFORMATION

Module		Function		Class		Link	Load	Size
ui/ui.c
		_S1_Callback   		CODE           	14AD	0000	6
		_S2_Callback   		CODE           	14B9	0000	6
		_put2          		CODE           	08BB	0000	62
		_cfg_next      		CODE           	08F9	0000	66
		_CompareReading		CODE           	0ABB	0000	93
		_ClearRecords  		CODE           	0DA9	0000	177
		_RenderConfig  		CODE           	01AD	0000	316
		_UpdateEEPROMChecksum		CODE           	17CB	0000	53
		_Clock_Tick1s  		CODE           	0807	0000	59
		_S1_check      		CODE           	14C5	0000	6
		_fill16        		CODE           	16A3	0000	21
		_S2_check      		CODE           	14CB	0000	6
		_SaveRecord_EEPROM		CODE           	0D23	0000	134
		_PWM6_Stop     		CODE           	1511	0000	9
		_PWM6_Start    		CODE           	1498	0000	3
		_Alarm_BeepStart		CODE           	1665	0000	20
		_UI_OnTick1s   		CODE           	0BD8	0000	100
		_OnS1Pressed   		CODE           	087D	0000	62
		_readTC74      		CODE           	063A	0000	265
		_RenderRecords 		CODE           	052E	0000	268
		_ReadSensors   		CODE           	15A6	0000	14
		_ClearAlarmFlags		CODE           	14A3	0000	5
		_OnS2Pressed   		CODE           	02E9	0000	292
		_Reset_flag_S1 		CODE           	149B	0000	4
		_Reset_flag_S2 		CODE           	149F	0000	4
		_readLuminosityLevel		CODE           	1651	0000	20
		_UI_Init       		CODE           	040D	0000	289
		_RenderNormal  		CODE           	0F2C	0000	212
		_set_defaults  		CODE           	0C3C	0000	107
		_Alarm_BeepTick1s		CODE           	15E3	0000	17

ui/ui.c estimated size: 2696

mcc_generated_files/pwm6.c
		_PWM6_LoadDutyValue		CODE           	1679	0000	21
		_PWM6_Initialize		CODE           	154E	0000	12

mcc_generated_files/pwm6.c estimated size: 33

mcc_generated_files/i2c1_master.c
		_I2C1_Initialize		CODE           	152E	0000	10

mcc_generated_files/i2c1_master.c estimated size: 10

mcc_generated_files/tmr2.c
		_TMR2_Initialize		CODE           	1599	0000	13

mcc_generated_files/tmr2.c estimated size: 13

mcc_generated_files/interrupt_manager.c
		_INTERRUPT_InterruptManager		CODE           	0004	0000	60

mcc_generated_files/interrupt_manager.c estimated size: 60

EEPROM/EEPROM.c
		_EEPROM_ReadConfig		CODE           	07F4	0000	12
		_EEPROM_ReadRecord		CODE           	097E	0000	69
		_EEPROM_ReadHeader		CODE           	1737	0000	34
		_EEPROM_WriteConfig		CODE           	1618	0000	19
		_EEPROM_WriteRecord		CODE           	0842	0000	59
		_EEPROM_WriteHeader		CODE           	1719	0000	30
		_reverse_bits  		CODE           	0B76	0000	98

EEPROM/EEPROM.c estimated size: 321

mcc_generated_files/tmr0.c
		_TMR0_Initialize		CODE           	1543	0000	11

mcc_generated_files/tmr0.c estimated size: 11

/opt/microchip/xc8/v3.10/pic/sources/c99/common/awmod.c
		___awmod       		CODE           	0A0E	0000	81

/opt/microchip/xc8/v3.10/pic/sources/c99/common/awmod.c estimated size: 81

mcc_generated_files/pin_manager.c
		_PIN_MANAGER_Initialize		CODE           	0B18	0000	94
		_IOCCF5_SetInterruptHandler		CODE           	14D7	0000	6
		_PIN_MANAGER_IOC		CODE           	14FF	0000	9
		_IOCCF5_DefaultInterruptHandler		CODE           	1494	0000	1
		_IOCCF5_ISR    		CODE           	15B4	0000	15

mcc_generated_files/pin_manager.c estimated size: 125

Clock/clock.c
		_TMR1_1sCallback		CODE           	151A	0000	10
		_AppClock_ConsumeTick1s		CODE           	1538	0000	11
		_AppClock_Init 		CODE           	15F4	0000	18
		_AppClock_Seconds		CODE           	1524	0000	10

Clock/clock.c estimated size: 49

I2C/i2c.c
		_ReadI2C       		CODE           	16FF	0000	26
		_WriteI2C      		CODE           	09C3	0000	75
		_OpenI2C       		CODE           	157F	0000	13

I2C/i2c.c estimated size: 114

mcc_generated_files/clkref.c
		_CLKREF_Initialize		CODE           	14A8	0000	5

mcc_generated_files/clkref.c estimated size: 5

LCD/lcd.c
		_LCDinit       		CODE           	0CA7	0000	124
		_LCDsend       		CODE           	093B	0000	67
		_LCDsend2x4    		CODE           	0743	0000	177
		_LCDstr        		CODE           	16E6	0000	25
		_LCDchar       		CODE           	14F7	0000	8
		_LCDpos        		CODE           	168E	0000	21
		_LCDbusy       		CODE           	163E	0000	19
		_LCDrecv       		CODE           	0069	0000	324
		_LCDcmd        		CODE           	0800	0000	7

LCD/lcd.c estimated size: 772

mcc_generated_files/ext_int.c
		_INT_DefaultInterruptHandler		CODE           	1493	0000	1
		_EXT_INT_Initialize		CODE           	158C	0000	13
		_INT_SetInterruptHandler		CODE           	14D1	0000	6
		_INT_CallBack  		CODE           	1572	0000	13
		_INT_ISR       		CODE           	14B3	0000	6

mcc_generated_files/ext_int.c estimated size: 39

shared
		__initialization		CODE           	0042	0000	35
		_i2c1_fsmStateTable		STRCODE        	1800	0000	32

shared estimated size: 67

mcc_generated_files/smt1.c
		_SMT1_Initialize		CODE           	155A	0000	12

mcc_generated_files/smt1.c estimated size: 12

/opt/microchip/xc8/v3.10/pic/sources/c99/common/awdiv.c
		___awdiv       		CODE           	0A5F	0000	92

/opt/microchip/xc8/v3.10/pic/sources/c99/common/awdiv.c estimated size: 92

mcc_generated_files/mcc.c
		_PMD_Initialize		CODE           	14EF	0000	8
		_OSCILLATOR_Initialize		CODE           	1508	0000	9
		_SYSTEM_Initialize		CODE           	177C	0000	37

mcc_generated_files/mcc.c estimated size: 54

mcc_generated_files/tmr1.c
		_TMR1_Initialize		CODE           	17A1	0000	42
		_TMR1_SetInterruptHandler		CODE           	14BF	0000	6
		_TMR1_DefaultInterruptHandler		CODE           	0003	0000	1
		_TMR1_WriteTimer		CODE           	15D2	0000	17
		_TMR1_StartTimer		CODE           	1495	0000	3
		_TMR1_SetGateInterruptHandler		CODE           	14DD	0000	6
		_TMR1_ISR      		CODE           	16B8	0000	23
		_TMR1_GATE_ISR 		CODE           	15C3	0000	15
		_TMR1_DefaultGateInterruptHandler		CODE           	0002	0000	1

mcc_generated_files/tmr1.c estimated size: 114

/opt/microchip/xc8/v3.10/pic/sources/c99/common/Umul8.c
		___bmul        		CODE           	162B	0000	19

/opt/microchip/xc8/v3.10/pic/sources/c99/common/Umul8.c estimated size: 19

mcc_generated_files/memory.c
		_DATAEE_WriteByte		CODE           	1759	0000	35
		_DATAEE_ReadByte		CODE           	1566	0000	12

mcc_generated_files/memory.c estimated size: 47

mcc_generated_files/adcc.c
		_ADCC_GetSingleConversion		CODE           	1606	0000	18
		_ADCC_Initialize		CODE           	16CF	0000	23

mcc_generated_files/adcc.c estimated size: 41

main.c
		_main          		CODE           	0E5A	0000	210

main.c estimated size: 210

